/home/u2/git-bbmnt-uid/bbmnt01/jWic/de.jwic.uid/src/de/jwic/mobile12/demos/AudioSelection2.java
/home/u2/git-bbmnt-uid/bbmnt01/jWic/de.jwic.uid/src/de/jwic/mobile12/demos/audio/AC3.java
/home/u2/git-bbmnt-uid/bbmnt01/jWic/de.jwic.uid/src/de/jwic/mobile12/MobileDemoPage.java
/home/u2/git-bbmnt-uid/bbmnt01/jWic/de.jwic.uid/src/de/jwic/mobile12/demos/SelectMenuDemo12.java
/home/u2/git-bbmnt-uid/bbmnt01/jWic/de.jwic.uid/src/de/jwic/mobile12/demos/InputDemo.java
/home/u2/git-bbmnt-uid/bbmnt01/jWic/de.jwic.uid/src/de/jwic/mobile12/BBMNTProperties.java
/home/u2/git-bbmnt-uid/bbmnt01/jWic/de.jwic.uid/src/de/jwic/mobile12/MobileDemoModule.java
/home/u2/git-bbmnt-uid/bbmnt01/jWic/de.jwic.uid/src/de/jwic/mobile12/MobileDemoApplication.java
/home/u2/git-bbmnt-uid/bbmnt01/jWic/de.jwic.uid/src/de/jwic/mobile12/BBMNTConstants.java
/home/u2/git-bbmnt-uid/bbmnt01/jWic/de.jwic.uid/src/de/jwic/mobile12/demos/EchoLabel.java
/home/u2/git-bbmnt-uid/bbmnt01/jWic/de.jwic.uid/src/de/jwic/mobile12/demos/audio/VideoController.java
/home/u2/git-bbmnt-uid/bbmnt01/jWic/de.jwic.uid/src/de/jwic/mobile12/demos/AudioDevPage.java
/home/u2/git-bbmnt-uid/bbmnt01/jWic/de.jwic.uid/src/de/jwic/mobile12/demos/audio/AC2.java
/home/u2/git-bbmnt-uid/bbmnt01/jWic/de.jwic.uid/src/de/jwic/mobile12/demos/MobileAudioRND.java
/home/u2/git-bbmnt-uid/bbmnt01/jWic/de.jwic.uid/src/de/jwic/mobile12/demos/FrontPage2.java
/home/u2/git-bbmnt-uid/bbmnt01/jWic/de.jwic.uid/src/de/jwic/mobile12/demos/UIDManager.java
/home/u2/git-bbmnt-uid/bbmnt01/jWic/de.jwic.uid/src/de/jwic/mobile12/demos/AudioButton.java
