/home/parallels/2022/1211-bbmnt/bbmnt01/jWic/de.jwic.compatibility/src_test/de/jwic/controls/RadioGroupControlTest.java
/home/parallels/2022/1211-bbmnt/bbmnt01/jWic/de.jwic.compatibility/src_test/de/jwic/controls/DateInputBoxControlTest.java
/home/parallels/2022/1211-bbmnt/bbmnt01/jWic/de.jwic.compatibility/src_test/de/jwic/controls/TreeControlTest.java
/home/parallels/2022/1211-bbmnt/bbmnt01/jWic/de.jwic.compatibility/src_test/de/jwic/controls/TabStripControlTest.java
/home/parallels/2022/1211-bbmnt/bbmnt01/jWic/de.jwic.compatibility/src_test/de/jwic/controls/ListControlTest.java
/home/parallels/2022/1211-bbmnt/bbmnt01/jWic/de.jwic.compatibility/src_test/de/jwic/ecolib/minichart/TestApplication.java
/home/parallels/2022/1211-bbmnt/bbmnt01/jWic/de.jwic.compatibility/src_test/de/jwic/controls/ListBoxControlTest.java
/home/parallels/2022/1211-bbmnt/bbmnt01/jWic/de.jwic.compatibility/src_test/de/jwic/test/JWicTestSuite.java
/home/parallels/2022/1211-bbmnt/bbmnt01/jWic/de.jwic.compatibility/src_test/de/jwic/controls/ActionBarControlTest.java
