de/jwic/controls/mobile03/MFlipSwitch.class
de/jwic/controls/wizard/WizardContainer$NavigationController.class
de/jwic/controls/mobile04/Icon.class
de/jwic/controls/DatePicker.class
de/jwic/controls/ckeditor/ToolBarButton$1.class
de/jwic/controls/chart/impl/util/DataConverter$1.class
de/jwic/controls/chart/impl/ErrorBarChart.class
de/jwic/controls/mobile05/MFlipSwitch.class
de/jwic/controls/chart/api/JsonChartName.class
de/jwic/controls/mobile04/MFlipSwitch.class
de/jwic/controls/slickgrid/SlickGrid$2.class
de/jwic/controls/dialogs/MessageDialog$1.class
de/jwic/controls/slickgrid/SlickGridColumn$Formatters.class
de/jwic/controls/mobile08/MCheckBox.class
de/jwic/controls/slickgrid/SlickGridDataRowGsonAdapter.class
de/jwic/controls/chart/impl/ErrorLineChart.class
de/jwic/controls/mobile02/MCheckBox.class
de/jwic/controls/coledit/ColumnSelector$7.class
de/jwic/controls/mobile06/MFlipSwitch.class
de/jwic/controls/CheckBoxGroup.class
de/jwic/controls/tableviewer/TableModel.class
de/jwic/controls/wizard/AbstractWizard.class
de/jwic/controls/layout/TableLayoutContainer.class
de/jwic/controls/menu/MenuItem$ActionListener.class
de/jwic/controls/chart/api/ChartDataset.class
de/jwic/controls/Easing.class
de/jwic/controls/chart/impl/DateTimeChartConfiguration.class
de/jwic/controls/ValidatedInputBox.class
de/jwic/controls/chart/impl/RadarChartDataset.class
de/jwic/controls/actions/Navigator.class
de/jwic/controls/dialogs/InputDialog$2.class
de/jwic/controls/slickgrid/SlickGrid$4.class
de/jwic/controls/mobile02/MSelectBox.class
de/jwic/controls/Button.class
de/jwic/controls/mobile03/MInputBox.class
de/jwic/controls/combo/FilteredRange.class
de/jwic/controls/tableviewer/FixColumnTableRenderer.class
de/jwic/controls/chart/api/AnimationEffect.class
de/jwic/controls/RadioGroup.class
de/jwic/controls/pojoedit/handler/NumberFieldHandler.class
de/jwic/controls/FileUpload.class
de/jwic/controls/tableviewer/TableModelEvent.class
de/jwic/controls/accordion/Panel.class
de/jwic/controls/coledit/ColumnSelectorEvent.class
de/jwic/controls/DateTimePicker$ControlTpye.class
de/jwic/controls/mobile02/Icon.class
de/jwic/controls/wizard/ValidationException.class
de/jwic/controls/chart/impl/StackedChartConfiguration.class
de/jwic/controls/lazytooltip/ILazyTooltipProvider.class
de/jwic/controls/tableviewer/StatusBarControl$2.class
de/jwic/controls/tableviewer/DefaultTableRenderer.class
de/jwic/controls/mobile/MFieldSetLayout.class
de/jwic/controls/mobile04/MFieldSetLayout$Type.class
de/jwic/controls/mobile/MCheckBox.class
de/jwic/controls/ClientNotifierControl.class
de/jwic/controls/chart/impl/DateTimeChartModel.class
de/jwic/controls/chart/impl/CircleChartConfiguration.class
de/jwic/controls/dialogs/BasicDialog.class
de/jwic/controls/menu/MenuItem$1.class
de/jwic/controls/mobile/IconPos.class
de/jwic/controls/chart/api/Chart$2.class
de/jwic/controls/mobile02/MFlipSwitch.class
de/jwic/controls/chart/impl/RadarChartModel.class
de/jwic/controls/mobile03/Theme.class
de/jwic/controls/mobile02/MFieldSetLayout.class
de/jwic/controls/NumericInputBox.class
de/jwic/controls/ListEntry.class
de/jwic/controls/tableviewer/PagingControl.class
de/jwic/controls/mobile03/MFieldSetLayout$Type.class
de/jwic/controls/pojoedit/handler/EnumFieldHandler.class
de/jwic/controls/DateChangedListener.class
de/jwic/controls/mobile03/MFieldSetLayout.class
de/jwic/controls/actions/IAction.class
de/jwic/controls/chart/impl/BarChartConfiguration.class
de/jwic/controls/mobile/Theme.class
de/jwic/controls/menu/MenuSelectionListener.class
de/jwic/controls/mobile/MPage.class
de/jwic/controls/tableviewer/TableViewer.class
de/jwic/controls/slickgrid/ISlickGridColumnValueProvider.class
de/jwic/controls/layout/Row.class
de/jwic/controls/chart/api/Chart$1.class
de/jwic/controls/mobile/MRadioButton.class
de/jwic/controls/mobile04/MCheckBox.class
de/jwic/controls/InputBox.class
de/jwic/controls/AnchorLink.class
de/jwic/controls/chart/impl/LineChartConfiguration.class
de/jwic/controls/lazytooltip/ILazyTooltip.class
de/jwic/controls/chart/impl/DateTimeChartDataset.class
de/jwic/controls/mobile/MSelectmenu.class
de/jwic/controls/combo/LifeSearchCombo.class
de/jwic/controls/actions/ActionButton$2.class
de/jwic/controls/coledit/ColumnSelector$3.class
de/jwic/controls/lazytooltip/LazyTooltipControl.class
de/jwic/controls/ScrollableContainer.class
de/jwic/controls/NumericInputBox$LeadingZeroDisplay.class
de/jwic/controls/ckeditor/CKEditor.class
de/jwic/controls/pojoedit/PojoEditor.class
de/jwic/controls/actions/ActionAnchorLink.class
de/jwic/controls/NumericInputBox$RoundSetting.class
de/jwic/controls/AbstractImageMap$Shape.class
de/jwic/controls/tableviewer/ITableModelListener.class
de/jwic/controls/NumericIntegerInputBox.class
de/jwic/controls/chart/api/ChartInconsistencyException.class
de/jwic/controls/AbstractListControl$1.class
de/jwic/controls/pojoedit/handler/BooleanFieldHandler.class
de/jwic/controls/tableviewer/CellLabel.class
de/jwic/controls/balloon/Balloon$RegisterOnEvent.class
de/jwic/controls/DatePicker$1.class
de/jwic/controls/coledit/ColumnSelector$2.class
de/jwic/controls/mobile04/MSelectBox.class
de/jwic/controls/AbstractImageMap.class
de/jwic/controls/mobile02/MRadioButton.class
de/jwic/controls/dialogs/DialogEvent.class
de/jwic/controls/chart/impl/util/DataConverter.class
de/jwic/controls/wizard/WizardContainer.class
de/jwic/controls/NumericInputBox$DecimalSeparator.class
de/jwic/controls/pojoedit/PojoEditorModel.class
de/jwic/controls/coledit/ColumnSelector$4.class
de/jwic/controls/dialogs/MessageDialog$ButtonSelectionHandler.class
de/jwic/controls/mobile02/MPanel$Display.class
de/jwic/controls/HTMLElement.class
de/jwic/controls/ToolBarSpacer.class
de/jwic/controls/chart/api/Chart.class
de/jwic/controls/SelectableControl.class
de/jwic/controls/mobile08/MTransitionBox.class
de/jwic/controls/mobile02/Theme.class
de/jwic/controls/ckeditor/ToolBarBand.class
de/jwic/controls/slickgrid/ISlickGridDataProvider.class
de/jwic/controls/coledit/ColumnSelector$5.class
de/jwic/controls/mobile03/MPage.class
de/jwic/controls/actions/Action.class
de/jwic/controls/slickgrid/SlickGrid.class
de/jwic/controls/mobile04/MPanel$Display.class
de/jwic/controls/slickgrid/SlickGridListDataProvider.class
de/jwic/controls/pojoedit/IFieldHandler.class
de/jwic/controls/mobile03/MSelectBox.class
de/jwic/controls/mobile04/MFieldSetLayout.class
de/jwic/controls/mobile02/IconPos.class
de/jwic/controls/chart/impl/OverlayChart.class
de/jwic/controls/tableviewer/StatusBarControl$1.class
de/jwic/controls/ckeditor/ToolBarButton.class
de/jwic/controls/pojoedit/PojoField.class
de/jwic/controls/ErrorWarning.class
de/jwic/controls/layout/TableData.class
de/jwic/controls/mobile02/MFieldSetLayout$Type.class
de/jwic/controls/NumericInputBox$NegativeBracketsDisplay.class
de/jwic/controls/wizard/WizardPage.class
de/jwic/controls/AsyncRenderContainer.class
de/jwic/controls/coledit/ColumnSelector$6.class
de/jwic/controls/mobile03/MButton.class
de/jwic/controls/chart/api/ValueListDataset.class
de/jwic/controls/mobile04/MPanel$Position.class
de/jwic/controls/chart/impl/RadarChartConfiguration.class
de/jwic/controls/StackedContainer.class
de/jwic/controls/slickgrid/SlickGridColumn$IEditors.class
de/jwic/controls/Window.class
de/jwic/controls/slickgrid/SlickGridColumn.class
de/jwic/controls/chart/api/SimpleValueDataset.class
de/jwic/controls/accordion/Accordion.class
de/jwic/controls/chart/impl/DateTimeChart.class
de/jwic/controls/mobile/MFieldSetLayout$Type.class
de/jwic/controls/mobile02/MInputBox.class
de/jwic/controls/chart/impl/StackedBarChart.class
de/jwic/controls/chart/impl/LineChart.class
de/jwic/controls/NumericInputBox$ThousandSeparator.class
de/jwic/controls/slickgrid/SlickGrid$3.class
de/jwic/controls/coledit/ColumnSelector$1.class
de/jwic/controls/mobile02/MCombo.class
de/jwic/controls/mobile03/MSelectmenu.class
de/jwic/controls/chart/impl/CircleChart.class
de/jwic/controls/mobile04/MCombo.class
de/jwic/controls/mobile/MDatePicker.class
de/jwic/controls/tableviewer/ITableLabelProvider.class
de/jwic/controls/mobile02/MSelectmenu.class
de/jwic/controls/mobile02/MButton.class
de/jwic/controls/chart/api/Chart$LegendLocation.class
de/jwic/controls/slickgrid/SlickGridChangeEvent.class
de/jwic/controls/slickgrid/SlickGridOptions$SelectionModel.class
de/jwic/controls/mobile/MTabStrip.class
de/jwic/controls/mobile04/MButton.class
de/jwic/controls/TabStrip.class
de/jwic/controls/menu/Menu.class
de/jwic/controls/mobile/Icon.class
de/jwic/controls/mobile02/MPanel.class
de/jwic/controls/HTMLElementContainer.class
de/jwic/controls/pojoedit/PojoEditorException.class
de/jwic/controls/coledit/IColumnSelectorListener.class
de/jwic/controls/mobile/MPanel.class
de/jwic/controls/actions/ActionButton.class
de/jwic/controls/mobile/MFlipSwitch.class
de/jwic/controls/chart/impl/PolarChartConfiguration.class
de/jwic/controls/pojoedit/handler/AbstractFieldHandler.class
de/jwic/controls/pojoedit/handler/TextFieldHandler.class
de/jwic/controls/dialogs/InputDialog$1.class
de/jwic/controls/combo/ComboBehavior.class
de/jwic/controls/mobile04/IconPos.class
de/jwic/controls/mobile03/MPanel$Display.class
de/jwic/controls/mobile02/MDatePicker.class
de/jwic/controls/LazyInitializationHandler.class
de/jwic/controls/combo/DropDown.class
de/jwic/controls/tableviewer/MobileTableRenderer.class
de/jwic/controls/actions/ActionButton$1.class
de/jwic/controls/dialogs/InputDialog.class
de/jwic/controls/chart/impl/RadarChart.class
de/jwic/controls/mobile04/MPage.class
de/jwic/controls/mobile02/MPage.class
de/jwic/controls/ListBox.class
de/jwic/controls/mobile03/IconPos.class
de/jwic/controls/tableviewer/ITableRenderer.class
de/jwic/controls/GroupControl.class
de/jwic/controls/coledit/ColumnStub.class
de/jwic/controls/chart/api/ChartConfiguration.class
de/jwic/controls/NumericInputBox$EmptyDisplay.class
de/jwic/controls/slickgrid/SlickGridDefaultColumnValueProvider.class
de/jwic/controls/pojoedit/PojoEditable.class
de/jwic/controls/dialogs/BasicDialog$Mode.class
de/jwic/controls/coledit/ColumnSelector$EventType.class
de/jwic/controls/tableviewer/StatusBarControl.class
de/jwic/controls/mobile/MPanel$Display.class
de/jwic/controls/chart/api/SimpleValueDatasetModel.class
de/jwic/controls/lazytooltip/LazyTooltipControl$TooltipPosition.class
de/jwic/controls/actions/ActionAnchorLink$1.class
de/jwic/controls/menu/MenuItem.class
de/jwic/controls/mobile/MButton.class
de/jwic/controls/actions/Navigator$1.class
de/jwic/controls/actions/Navigator$ActionUpdateListener.class
de/jwic/controls/mobile03/MPanel$Position.class
de/jwic/controls/AbstractListControl.class
de/jwic/controls/mobile04/MPanel.class
de/jwic/controls/wizard/WizardContainer$1.class
de/jwic/controls/NumericInputBox$SymbolPlacement.class
de/jwic/controls/mobile03/MPanel.class
de/jwic/controls/chart/api/ChartType.class
de/jwic/controls/dialogs/MessageDialog.class
de/jwic/controls/chart/api/YAxes.class
de/jwic/controls/chart/api/ValueListDatasetModel.class
de/jwic/controls/DateTimePicker.class
de/jwic/controls/CheckBox.class
de/jwic/controls/actions/ActionAnchorLink$2.class
de/jwic/controls/mobile/MSelectBox.class
de/jwic/controls/slickgrid/SlickGridColumn$Editors.class
de/jwic/controls/wizard/Wizard.class
de/jwic/controls/tableviewer/RowContext.class
de/jwic/controls/InputBox$InputType.class
de/jwic/controls/coledit/ColumnSelector.class
de/jwic/controls/Label.class
de/jwic/controls/balloon/Balloon.class
de/jwic/controls/chart/impl/PolarChart.class
de/jwic/controls/slickgrid/KeyTitlePair.class
de/jwic/controls/chart/impl/OverlayChartConfiguration.class
de/jwic/controls/chart/api/ChartModel.class
de/jwic/controls/ToolBarGroup.class
de/jwic/controls/Tab.class
de/jwic/controls/GroupControl$GroupControlLayout.class
de/jwic/controls/mobile03/MCheckBox.class
de/jwic/controls/AbstractSelectListControl.class
de/jwic/controls/chart/impl/BarChart.class
de/jwic/controls/layout/Cell.class
de/jwic/controls/slickgrid/SlickGrid$1.class
de/jwic/controls/ToolBar.class
de/jwic/controls/tableviewer/TableColumn.class
de/jwic/controls/NumericInputBox$DigitalGroup.class
de/jwic/controls/mobile03/Icon.class
de/jwic/controls/mobile04/MInputBox.class
de/jwic/controls/menu/MenuEvent.class
de/jwic/controls/slickgrid/SlickGridOptions.class
de/jwic/controls/mobile/MInputBox.class
de/jwic/controls/mobile02/MPanel$Position.class
de/jwic/controls/slickgrid/SlickGridColumn$IFormatters.class
de/jwic/controls/slickgrid/SlickGridChange.class
de/jwic/controls/tableviewer/TableModelAdapter.class
de/jwic/controls/chart/api/util/ChartHelper.class
de/jwic/controls/RadioButton.class
de/jwic/controls/mobile04/Theme.class
de/jwic/controls/mobile/MCombo.class
de/jwic/controls/accordion/Accordion$HeightStyle.class
de/jwic/controls/dialogs/DialogListener.class
de/jwic/controls/combo/Combo.class
de/jwic/controls/mobile/MPanel$Position.class
de/jwic/controls/mobile04/MSelectmenu.class
de/jwic/controls/mobile03/MCombo.class
de/jwic/controls/mobile02/MTabStrip.class
de/jwic/controls/slickgrid/SlickGridModel.class
de/jwic/controls/slickgrid/SlickGridDataRow.class
de/jwic/controls/dialogs/DialogAdapter.class
