/home/parallels/2022/1211-bbmnt/bbmnt01/jWic/de.jwic.controls/src/de/jwic/controls/layout/Cell.java
/home/parallels/2022/1211-bbmnt/bbmnt01/jWic/de.jwic.controls/src/de/jwic/controls/chart/api/ChartConfiguration.java
/home/parallels/2022/1211-bbmnt/bbmnt01/jWic/de.jwic.controls/src/de/jwic/controls/tableviewer/MobileTableRenderer.java
/home/parallels/2022/1211-bbmnt/bbmnt01/jWic/de.jwic.controls/src/de/jwic/controls/slickgrid/SlickGridChange.java
/home/parallels/2022/1211-bbmnt/bbmnt01/jWic/de.jwic.controls/src/de/jwic/controls/Easing.java
/home/parallels/2022/1211-bbmnt/bbmnt01/jWic/de.jwic.controls/src/de/jwic/controls/chart/impl/StackedBarChart.java
/home/parallels/2022/1211-bbmnt/bbmnt01/jWic/de.jwic.controls/src/de/jwic/controls/dialogs/MessageDialog.java
/home/parallels/2022/1211-bbmnt/bbmnt01/jWic/de.jwic.controls/src/de/jwic/controls/mobile03/MPage.java
/home/parallels/2022/1211-bbmnt/bbmnt01/jWic/de.jwic.controls/src/de/jwic/controls/tableviewer/CellLabel.java
/home/parallels/2022/1211-bbmnt/bbmnt01/jWic/de.jwic.controls/src/de/jwic/controls/mobile/MPanel.java
/home/parallels/2022/1211-bbmnt/bbmnt01/jWic/de.jwic.controls/src/de/jwic/controls/slickgrid/SlickGridDataRow.java
/home/parallels/2022/1211-bbmnt/bbmnt01/jWic/de.jwic.controls/src/de/jwic/controls/tableviewer/ITableModelListener.java
/home/parallels/2022/1211-bbmnt/bbmnt01/jWic/de.jwic.controls/src/de/jwic/controls/coledit/IColumnSelectorListener.java
/home/parallels/2022/1211-bbmnt/bbmnt01/jWic/de.jwic.controls/src/de/jwic/controls/mobile/MTabStrip.java
/home/parallels/2022/1211-bbmnt/bbmnt01/jWic/de.jwic.controls/src/de/jwic/controls/mobile05/MFlipSwitch.java
/home/parallels/2022/1211-bbmnt/bbmnt01/jWic/de.jwic.controls/src/de/jwic/controls/DatePicker.java
/home/parallels/2022/1211-bbmnt/bbmnt01/jWic/de.jwic.controls/src/de/jwic/controls/menu/MenuEvent.java
/home/parallels/2022/1211-bbmnt/bbmnt01/jWic/de.jwic.controls/src/de/jwic/controls/slickgrid/ISlickGridDataProvider.java
/home/parallels/2022/1211-bbmnt/bbmnt01/jWic/de.jwic.controls/src/de/jwic/controls/Tab.java
/home/parallels/2022/1211-bbmnt/bbmnt01/jWic/de.jwic.controls/src/de/jwic/controls/mobile02/MDatePicker.java
/home/parallels/2022/1211-bbmnt/bbmnt01/jWic/de.jwic.controls/src/de/jwic/controls/ListBox.java
/home/parallels/2022/1211-bbmnt/bbmnt01/jWic/de.jwic.controls/src/de/jwic/controls/NumericInputBox.java
/home/parallels/2022/1211-bbmnt/bbmnt01/jWic/de.jwic.controls/src/de/jwic/controls/pojoedit/PojoEditable.java
/home/parallels/2022/1211-bbmnt/bbmnt01/jWic/de.jwic.controls/src/de/jwic/controls/chart/api/ChartModel.java
/home/parallels/2022/1211-bbmnt/bbmnt01/jWic/de.jwic.controls/src/de/jwic/controls/slickgrid/SlickGridListDataProvider.java
/home/parallels/2022/1211-bbmnt/bbmnt01/jWic/de.jwic.controls/src/de/jwic/controls/mobile02/IconPos.java
/home/parallels/2022/1211-bbmnt/bbmnt01/jWic/de.jwic.controls/src/de/jwic/controls/mobile04/MInputBox.java
/home/parallels/2022/1211-bbmnt/bbmnt01/jWic/de.jwic.controls/src/de/jwic/controls/chart/impl/DateTimeChartDataset.java
/home/parallels/2022/1211-bbmnt/bbmnt01/jWic/de.jwic.controls/src/de/jwic/controls/mobile/MDatePicker.java
/home/parallels/2022/1211-bbmnt/bbmnt01/jWic/de.jwic.controls/src/de/jwic/controls/ToolBar.java
/home/parallels/2022/1211-bbmnt/bbmnt01/jWic/de.jwic.controls/src/de/jwic/controls/pojoedit/handler/AbstractFieldHandler.java
/home/parallels/2022/1211-bbmnt/bbmnt01/jWic/de.jwic.controls/src/de/jwic/controls/ValidatedInputBox.java
/home/parallels/2022/1211-bbmnt/bbmnt01/jWic/de.jwic.controls/src/de/jwic/controls/chart/api/ChartInconsistencyException.java
/home/parallels/2022/1211-bbmnt/bbmnt01/jWic/de.jwic.controls/src/de/jwic/controls/chart/impl/StackedChartConfiguration.java
/home/parallels/2022/1211-bbmnt/bbmnt01/jWic/de.jwic.controls/src/de/jwic/controls/wizard/AbstractWizard.java
/home/parallels/2022/1211-bbmnt/bbmnt01/jWic/de.jwic.controls/src/de/jwic/controls/lazytooltip/ILazyTooltip.java
/home/parallels/2022/1211-bbmnt/bbmnt01/jWic/de.jwic.controls/src/de/jwic/controls/chart/impl/RadarChartConfiguration.java
/home/parallels/2022/1211-bbmnt/bbmnt01/jWic/de.jwic.controls/src/de/jwic/controls/mobile04/MCombo.java
/home/parallels/2022/1211-bbmnt/bbmnt01/jWic/de.jwic.controls/src/de/jwic/controls/mobile02/MCombo.java
/home/parallels/2022/1211-bbmnt/bbmnt01/jWic/de.jwic.controls/src/de/jwic/controls/slickgrid/SlickGridChangeEvent.java
/home/parallels/2022/1211-bbmnt/bbmnt01/jWic/de.jwic.controls/src/de/jwic/controls/ckeditor/ToolBarButton.java
/home/parallels/2022/1211-bbmnt/bbmnt01/jWic/de.jwic.controls/src/de/jwic/controls/mobile04/MSelectmenu.java
/home/parallels/2022/1211-bbmnt/bbmnt01/jWic/de.jwic.controls/src/de/jwic/controls/combo/DropDown.java
/home/parallels/2022/1211-bbmnt/bbmnt01/jWic/de.jwic.controls/src/de/jwic/controls/slickgrid/SlickGrid.java
/home/parallels/2022/1211-bbmnt/bbmnt01/jWic/de.jwic.controls/src/de/jwic/controls/combo/LifeSearchCombo.java
/home/parallels/2022/1211-bbmnt/bbmnt01/jWic/de.jwic.controls/src/de/jwic/controls/mobile02/MFieldSetLayout.java
/home/parallels/2022/1211-bbmnt/bbmnt01/jWic/de.jwic.controls/src/de/jwic/controls/mobile02/MCheckBox.java
/home/parallels/2022/1211-bbmnt/bbmnt01/jWic/de.jwic.controls/src/de/jwic/controls/lazytooltip/ILazyTooltipProvider.java
/home/parallels/2022/1211-bbmnt/bbmnt01/jWic/de.jwic.controls/src/de/jwic/controls/mobile/MFieldSetLayout.java
/home/parallels/2022/1211-bbmnt/bbmnt01/jWic/de.jwic.controls/src/de/jwic/controls/slickgrid/ISlickGridColumnValueProvider.java
/home/parallels/2022/1211-bbmnt/bbmnt01/jWic/de.jwic.controls/src/de/jwic/controls/ckeditor/CKEditor.java
/home/parallels/2022/1211-bbmnt/bbmnt01/jWic/de.jwic.controls/src/de/jwic/controls/mobile04/Icon.java
/home/parallels/2022/1211-bbmnt/bbmnt01/jWic/de.jwic.controls/src/de/jwic/controls/slickgrid/SlickGridModel.java
/home/parallels/2022/1211-bbmnt/bbmnt01/jWic/de.jwic.controls/src/de/jwic/controls/wizard/ValidationException.java
/home/parallels/2022/1211-bbmnt/bbmnt01/jWic/de.jwic.controls/src/de/jwic/controls/RadioButton.java
/home/parallels/2022/1211-bbmnt/bbmnt01/jWic/de.jwic.controls/src/de/jwic/controls/mobile06/MFlipSwitch.java
/home/parallels/2022/1211-bbmnt/bbmnt01/jWic/de.jwic.controls/src/de/jwic/controls/mobile03/MPanel.java
/home/parallels/2022/1211-bbmnt/bbmnt01/jWic/de.jwic.controls/src/de/jwic/controls/pojoedit/PojoEditor.java
/home/parallels/2022/1211-bbmnt/bbmnt01/jWic/de.jwic.controls/src/de/jwic/controls/mobile02/MPanel.java
/home/parallels/2022/1211-bbmnt/bbmnt01/jWic/de.jwic.controls/src/de/jwic/controls/chart/api/AnimationEffect.java
/home/parallels/2022/1211-bbmnt/bbmnt01/jWic/de.jwic.controls/src/de/jwic/controls/Button.java
/home/parallels/2022/1211-bbmnt/bbmnt01/jWic/de.jwic.controls/src/de/jwic/controls/mobile04/MPanel.java
/home/parallels/2022/1211-bbmnt/bbmnt01/jWic/de.jwic.controls/src/de/jwic/controls/mobile03/MButton.java
/home/parallels/2022/1211-bbmnt/bbmnt01/jWic/de.jwic.controls/src/de/jwic/controls/tableviewer/TableModelAdapter.java
/home/parallels/2022/1211-bbmnt/bbmnt01/jWic/de.jwic.controls/src/de/jwic/controls/mobile03/Icon.java
/home/parallels/2022/1211-bbmnt/bbmnt01/jWic/de.jwic.controls/src/de/jwic/controls/FileUpload.java
/home/parallels/2022/1211-bbmnt/bbmnt01/jWic/de.jwic.controls/src/de/jwic/controls/actions/Navigator.java
/home/parallels/2022/1211-bbmnt/bbmnt01/jWic/de.jwic.controls/src/de/jwic/controls/wizard/Wizard.java
/home/parallels/2022/1211-bbmnt/bbmnt01/jWic/de.jwic.controls/src/de/jwic/controls/slickgrid/SlickGridDefaultColumnValueProvider.java
/home/parallels/2022/1211-bbmnt/bbmnt01/jWic/de.jwic.controls/src/de/jwic/controls/actions/ActionButton.java
/home/parallels/2022/1211-bbmnt/bbmnt01/jWic/de.jwic.controls/src/de/jwic/controls/mobile/MSelectmenu.java
/home/parallels/2022/1211-bbmnt/bbmnt01/jWic/de.jwic.controls/src/de/jwic/controls/chart/impl/RadarChartModel.java
/home/parallels/2022/1211-bbmnt/bbmnt01/jWic/de.jwic.controls/src/de/jwic/controls/chart/impl/LineChart.java
/home/parallels/2022/1211-bbmnt/bbmnt01/jWic/de.jwic.controls/src/de/jwic/controls/mobile03/IconPos.java
/home/parallels/2022/1211-bbmnt/bbmnt01/jWic/de.jwic.controls/src/de/jwic/controls/mobile/MPage.java
/home/parallels/2022/1211-bbmnt/bbmnt01/jWic/de.jwic.controls/src/de/jwic/controls/chart/impl/PolarChartConfiguration.java
/home/parallels/2022/1211-bbmnt/bbmnt01/jWic/de.jwic.controls/src/de/jwic/controls/mobile04/IconPos.java
/home/parallels/2022/1211-bbmnt/bbmnt01/jWic/de.jwic.controls/src/de/jwic/controls/ClientNotifierControl.java
/home/parallels/2022/1211-bbmnt/bbmnt01/jWic/de.jwic.controls/src/de/jwic/controls/LazyInitializationHandler.java
/home/parallels/2022/1211-bbmnt/bbmnt01/jWic/de.jwic.controls/src/de/jwic/controls/tableviewer/FixColumnTableRenderer.java
/home/parallels/2022/1211-bbmnt/bbmnt01/jWic/de.jwic.controls/src/de/jwic/controls/mobile02/MFlipSwitch.java
/home/parallels/2022/1211-bbmnt/bbmnt01/jWic/de.jwic.controls/src/de/jwic/controls/mobile/MButton.java
/home/parallels/2022/1211-bbmnt/bbmnt01/jWic/de.jwic.controls/src/de/jwic/controls/chart/impl/DateTimeChart.java
/home/parallels/2022/1211-bbmnt/bbmnt01/jWic/de.jwic.controls/src/de/jwic/controls/DateChangedListener.java
/home/parallels/2022/1211-bbmnt/bbmnt01/jWic/de.jwic.controls/src/de/jwic/controls/tableviewer/RowContext.java
/home/parallels/2022/1211-bbmnt/bbmnt01/jWic/de.jwic.controls/src/de/jwic/controls/mobile04/MFieldSetLayout.java
/home/parallels/2022/1211-bbmnt/bbmnt01/jWic/de.jwic.controls/src/de/jwic/controls/mobile04/MButton.java
/home/parallels/2022/1211-bbmnt/bbmnt01/jWic/de.jwic.controls/src/de/jwic/controls/ListEntry.java
/home/parallels/2022/1211-bbmnt/bbmnt01/jWic/de.jwic.controls/src/de/jwic/controls/slickgrid/SlickGridColumn.java
/home/parallels/2022/1211-bbmnt/bbmnt01/jWic/de.jwic.controls/src/de/jwic/controls/chart/impl/PolarChart.java
/home/parallels/2022/1211-bbmnt/bbmnt01/jWic/de.jwic.controls/src/de/jwic/controls/mobile02/MButton.java
/home/parallels/2022/1211-bbmnt/bbmnt01/jWic/de.jwic.controls/src/de/jwic/controls/chart/impl/RadarChart.java
/home/parallels/2022/1211-bbmnt/bbmnt01/jWic/de.jwic.controls/src/de/jwic/controls/wizard/WizardPage.java
/home/parallels/2022/1211-bbmnt/bbmnt01/jWic/de.jwic.controls/src/de/jwic/controls/ToolBarGroup.java
/home/parallels/2022/1211-bbmnt/bbmnt01/jWic/de.jwic.controls/src/de/jwic/controls/dialogs/BasicDialog.java
/home/parallels/2022/1211-bbmnt/bbmnt01/jWic/de.jwic.controls/src/de/jwic/controls/DateTimePicker.java
/home/parallels/2022/1211-bbmnt/bbmnt01/jWic/de.jwic.controls/src/de/jwic/controls/mobile04/MSelectBox.java
/home/parallels/2022/1211-bbmnt/bbmnt01/jWic/de.jwic.controls/src/de/jwic/controls/chart/api/util/ChartHelper.java
/home/parallels/2022/1211-bbmnt/bbmnt01/jWic/de.jwic.controls/src/de/jwic/controls/tableviewer/TableModel.java
/home/parallels/2022/1211-bbmnt/bbmnt01/jWic/de.jwic.controls/src/de/jwic/controls/RadioGroup.java
/home/parallels/2022/1211-bbmnt/bbmnt01/jWic/de.jwic.controls/src/de/jwic/controls/ScrollableContainer.java
/home/parallels/2022/1211-bbmnt/bbmnt01/jWic/de.jwic.controls/src/de/jwic/controls/layout/TableData.java
/home/parallels/2022/1211-bbmnt/bbmnt01/jWic/de.jwic.controls/src/de/jwic/controls/dialogs/InputDialog.java
/home/parallels/2022/1211-bbmnt/bbmnt01/jWic/de.jwic.controls/src/de/jwic/controls/chart/api/ChartType.java
/home/parallels/2022/1211-bbmnt/bbmnt01/jWic/de.jwic.controls/src/de/jwic/controls/accordion/Panel.java
/home/parallels/2022/1211-bbmnt/bbmnt01/jWic/de.jwic.controls/src/de/jwic/controls/dialogs/DialogEvent.java
/home/parallels/2022/1211-bbmnt/bbmnt01/jWic/de.jwic.controls/src/de/jwic/controls/GroupControl.java
/home/parallels/2022/1211-bbmnt/bbmnt01/jWic/de.jwic.controls/src/de/jwic/controls/chart/api/ChartDataset.java
/home/parallels/2022/1211-bbmnt/bbmnt01/jWic/de.jwic.controls/src/de/jwic/controls/NumericIntegerInputBox.java
/home/parallels/2022/1211-bbmnt/bbmnt01/jWic/de.jwic.controls/src/de/jwic/controls/mobile/MCheckBox.java
/home/parallels/2022/1211-bbmnt/bbmnt01/jWic/de.jwic.controls/src/de/jwic/controls/tableviewer/TableModelEvent.java
/home/parallels/2022/1211-bbmnt/bbmnt01/jWic/de.jwic.controls/src/de/jwic/controls/menu/Menu.java
/home/parallels/2022/1211-bbmnt/bbmnt01/jWic/de.jwic.controls/src/de/jwic/controls/mobile04/MCheckBox.java
/home/parallels/2022/1211-bbmnt/bbmnt01/jWic/de.jwic.controls/src/de/jwic/controls/mobile08/MCheckBox.java
/home/parallels/2022/1211-bbmnt/bbmnt01/jWic/de.jwic.controls/src/de/jwic/controls/mobile/IconPos.java
/home/parallels/2022/1211-bbmnt/bbmnt01/jWic/de.jwic.controls/src/de/jwic/controls/coledit/ColumnSelector.java
/home/parallels/2022/1211-bbmnt/bbmnt01/jWic/de.jwic.controls/src/de/jwic/controls/tableviewer/DefaultTableRenderer.java
/home/parallels/2022/1211-bbmnt/bbmnt01/jWic/de.jwic.controls/src/de/jwic/controls/slickgrid/KeyTitlePair.java
/home/parallels/2022/1211-bbmnt/bbmnt01/jWic/de.jwic.controls/src/de/jwic/controls/pojoedit/PojoField.java
/home/parallels/2022/1211-bbmnt/bbmnt01/jWic/de.jwic.controls/src/de/jwic/controls/chart/api/ValueListDataset.java
/home/parallels/2022/1211-bbmnt/bbmnt01/jWic/de.jwic.controls/src/de/jwic/controls/mobile/MSelectBox.java
/home/parallels/2022/1211-bbmnt/bbmnt01/jWic/de.jwic.controls/src/de/jwic/controls/mobile/MInputBox.java
/home/parallels/2022/1211-bbmnt/bbmnt01/jWic/de.jwic.controls/src/de/jwic/controls/menu/MenuItem.java
/home/parallels/2022/1211-bbmnt/bbmnt01/jWic/de.jwic.controls/src/de/jwic/controls/chart/impl/ErrorBarChart.java
/home/parallels/2022/1211-bbmnt/bbmnt01/jWic/de.jwic.controls/src/de/jwic/controls/tableviewer/TableColumn.java
/home/parallels/2022/1211-bbmnt/bbmnt01/jWic/de.jwic.controls/src/de/jwic/controls/chart/impl/CircleChart.java
/home/parallels/2022/1211-bbmnt/bbmnt01/jWic/de.jwic.controls/src/de/jwic/controls/slickgrid/SlickGridOptions.java
/home/parallels/2022/1211-bbmnt/bbmnt01/jWic/de.jwic.controls/src/de/jwic/controls/mobile02/Icon.java
/home/parallels/2022/1211-bbmnt/bbmnt01/jWic/de.jwic.controls/src/de/jwic/controls/pojoedit/IFieldHandler.java
/home/parallels/2022/1211-bbmnt/bbmnt01/jWic/de.jwic.controls/src/de/jwic/controls/combo/FilteredRange.java
/home/parallels/2022/1211-bbmnt/bbmnt01/jWic/de.jwic.controls/src/de/jwic/controls/CheckBoxGroup.java
/home/parallels/2022/1211-bbmnt/bbmnt01/jWic/de.jwic.controls/src/de/jwic/controls/tableviewer/TableViewer.java
/home/parallels/2022/1211-bbmnt/bbmnt01/jWic/de.jwic.controls/src/de/jwic/controls/mobile03/MSelectBox.java
/home/parallels/2022/1211-bbmnt/bbmnt01/jWic/de.jwic.controls/src/de/jwic/controls/mobile03/MFieldSetLayout.java
/home/parallels/2022/1211-bbmnt/bbmnt01/jWic/de.jwic.controls/src/de/jwic/controls/mobile03/MInputBox.java
/home/parallels/2022/1211-bbmnt/bbmnt01/jWic/de.jwic.controls/src/de/jwic/controls/mobile/Theme.java
/home/parallels/2022/1211-bbmnt/bbmnt01/jWic/de.jwic.controls/src/de/jwic/controls/tableviewer/ITableRenderer.java
/home/parallels/2022/1211-bbmnt/bbmnt01/jWic/de.jwic.controls/src/de/jwic/controls/HTMLElementContainer.java
/home/parallels/2022/1211-bbmnt/bbmnt01/jWic/de.jwic.controls/src/de/jwic/controls/AnchorLink.java
/home/parallels/2022/1211-bbmnt/bbmnt01/jWic/de.jwic.controls/src/de/jwic/controls/mobile02/MPage.java
/home/parallels/2022/1211-bbmnt/bbmnt01/jWic/de.jwic.controls/src/de/jwic/controls/actions/IAction.java
/home/parallels/2022/1211-bbmnt/bbmnt01/jWic/de.jwic.controls/src/de/jwic/controls/combo/Combo.java
/home/parallels/2022/1211-bbmnt/bbmnt01/jWic/de.jwic.controls/src/de/jwic/controls/mobile/MCombo.java
/home/parallels/2022/1211-bbmnt/bbmnt01/jWic/de.jwic.controls/src/de/jwic/controls/mobile03/MCombo.java
/home/parallels/2022/1211-bbmnt/bbmnt01/jWic/de.jwic.controls/src/de/jwic/controls/chart/api/ValueListDatasetModel.java
/home/parallels/2022/1211-bbmnt/bbmnt01/jWic/de.jwic.controls/src/de/jwic/controls/pojoedit/handler/TextFieldHandler.java
/home/parallels/2022/1211-bbmnt/bbmnt01/jWic/de.jwic.controls/src/de/jwic/controls/chart/api/Chart.java
/home/parallels/2022/1211-bbmnt/bbmnt01/jWic/de.jwic.controls/src/de/jwic/controls/tableviewer/PagingControl.java
/home/parallels/2022/1211-bbmnt/bbmnt01/jWic/de.jwic.controls/src/de/jwic/controls/AbstractListControl.java
/home/parallels/2022/1211-bbmnt/bbmnt01/jWic/de.jwic.controls/src/de/jwic/controls/accordion/Accordion.java
/home/parallels/2022/1211-bbmnt/bbmnt01/jWic/de.jwic.controls/src/de/jwic/controls/tableviewer/ITableLabelProvider.java
/home/parallels/2022/1211-bbmnt/bbmnt01/jWic/de.jwic.controls/src/de/jwic/controls/pojoedit/PojoEditorModel.java
/home/parallels/2022/1211-bbmnt/bbmnt01/jWic/de.jwic.controls/src/de/jwic/controls/AbstractImageMap.java
/home/parallels/2022/1211-bbmnt/bbmnt01/jWic/de.jwic.controls/src/de/jwic/controls/layout/TableLayoutContainer.java
/home/parallels/2022/1211-bbmnt/bbmnt01/jWic/de.jwic.controls/src/de/jwic/controls/actions/Action.java
/home/parallels/2022/1211-bbmnt/bbmnt01/jWic/de.jwic.controls/src/de/jwic/controls/chart/impl/BarChart.java
/home/parallels/2022/1211-bbmnt/bbmnt01/jWic/de.jwic.controls/src/de/jwic/controls/mobile03/MFlipSwitch.java
/home/parallels/2022/1211-bbmnt/bbmnt01/jWic/de.jwic.controls/src/de/jwic/controls/actions/ActionAnchorLink.java
/home/parallels/2022/1211-bbmnt/bbmnt01/jWic/de.jwic.controls/src/de/jwic/controls/chart/api/SimpleValueDatasetModel.java
/home/parallels/2022/1211-bbmnt/bbmnt01/jWic/de.jwic.controls/src/de/jwic/controls/chart/impl/DateTimeChartModel.java
/home/parallels/2022/1211-bbmnt/bbmnt01/jWic/de.jwic.controls/src/de/jwic/controls/chart/impl/RadarChartDataset.java
/home/parallels/2022/1211-bbmnt/bbmnt01/jWic/de.jwic.controls/src/de/jwic/controls/dialogs/DialogListener.java
/home/parallels/2022/1211-bbmnt/bbmnt01/jWic/de.jwic.controls/src/de/jwic/controls/chart/api/JsonChartName.java
/home/parallels/2022/1211-bbmnt/bbmnt01/jWic/de.jwic.controls/src/de/jwic/controls/Window.java
/home/parallels/2022/1211-bbmnt/bbmnt01/jWic/de.jwic.controls/src/de/jwic/controls/chart/api/SimpleValueDataset.java
/home/parallels/2022/1211-bbmnt/bbmnt01/jWic/de.jwic.controls/src/de/jwic/controls/CheckBox.java
/home/parallels/2022/1211-bbmnt/bbmnt01/jWic/de.jwic.controls/src/de/jwic/controls/ckeditor/ToolBarBand.java
/home/parallels/2022/1211-bbmnt/bbmnt01/jWic/de.jwic.controls/src/de/jwic/controls/AsyncRenderContainer.java
/home/parallels/2022/1211-bbmnt/bbmnt01/jWic/de.jwic.controls/src/de/jwic/controls/lazytooltip/LazyTooltipControl.java
/home/parallels/2022/1211-bbmnt/bbmnt01/jWic/de.jwic.controls/src/de/jwic/controls/ToolBarSpacer.java
/home/parallels/2022/1211-bbmnt/bbmnt01/jWic/de.jwic.controls/src/de/jwic/controls/mobile02/MInputBox.java
/home/parallels/2022/1211-bbmnt/bbmnt01/jWic/de.jwic.controls/src/de/jwic/controls/ErrorWarning.java
/home/parallels/2022/1211-bbmnt/bbmnt01/jWic/de.jwic.controls/src/de/jwic/controls/chart/impl/CircleChartConfiguration.java
/home/parallels/2022/1211-bbmnt/bbmnt01/jWic/de.jwic.controls/src/de/jwic/controls/chart/impl/ErrorLineChart.java
/home/parallels/2022/1211-bbmnt/bbmnt01/jWic/de.jwic.controls/src/de/jwic/controls/slickgrid/SlickGridDataRowGsonAdapter.java
/home/parallels/2022/1211-bbmnt/bbmnt01/jWic/de.jwic.controls/src/de/jwic/controls/menu/MenuSelectionListener.java
/home/parallels/2022/1211-bbmnt/bbmnt01/jWic/de.jwic.controls/src/de/jwic/controls/wizard/WizardContainer.java
/home/parallels/2022/1211-bbmnt/bbmnt01/jWic/de.jwic.controls/src/de/jwic/controls/layout/Row.java
/home/parallels/2022/1211-bbmnt/bbmnt01/jWic/de.jwic.controls/src/de/jwic/controls/coledit/ColumnStub.java
/home/parallels/2022/1211-bbmnt/bbmnt01/jWic/de.jwic.controls/src/de/jwic/controls/mobile04/MFlipSwitch.java
/home/parallels/2022/1211-bbmnt/bbmnt01/jWic/de.jwic.controls/src/de/jwic/controls/mobile02/MSelectBox.java
/home/parallels/2022/1211-bbmnt/bbmnt01/jWic/de.jwic.controls/src/de/jwic/controls/mobile03/MSelectmenu.java
/home/parallels/2022/1211-bbmnt/bbmnt01/jWic/de.jwic.controls/src/de/jwic/controls/mobile02/MRadioButton.java
/home/parallels/2022/1211-bbmnt/bbmnt01/jWic/de.jwic.controls/src/de/jwic/controls/combo/ComboBehavior.java
/home/parallels/2022/1211-bbmnt/bbmnt01/jWic/de.jwic.controls/src/de/jwic/controls/tableviewer/StatusBarControl.java
/home/parallels/2022/1211-bbmnt/bbmnt01/jWic/de.jwic.controls/src/de/jwic/controls/chart/impl/OverlayChartConfiguration.java
/home/parallels/2022/1211-bbmnt/bbmnt01/jWic/de.jwic.controls/src/de/jwic/controls/mobile04/MPage.java
/home/parallels/2022/1211-bbmnt/bbmnt01/jWic/de.jwic.controls/src/de/jwic/controls/balloon/Balloon.java
/home/parallels/2022/1211-bbmnt/bbmnt01/jWic/de.jwic.controls/src/de/jwic/controls/mobile02/MTabStrip.java
/home/parallels/2022/1211-bbmnt/bbmnt01/jWic/de.jwic.controls/src/de/jwic/controls/chart/api/YAxes.java
/home/parallels/2022/1211-bbmnt/bbmnt01/jWic/de.jwic.controls/src/de/jwic/controls/mobile02/MSelectmenu.java
/home/parallels/2022/1211-bbmnt/bbmnt01/jWic/de.jwic.controls/src/de/jwic/controls/mobile04/Theme.java
/home/parallels/2022/1211-bbmnt/bbmnt01/jWic/de.jwic.controls/src/de/jwic/controls/pojoedit/handler/BooleanFieldHandler.java
/home/parallels/2022/1211-bbmnt/bbmnt01/jWic/de.jwic.controls/src/de/jwic/controls/pojoedit/handler/NumberFieldHandler.java
/home/parallels/2022/1211-bbmnt/bbmnt01/jWic/de.jwic.controls/src/de/jwic/controls/pojoedit/handler/EnumFieldHandler.java
/home/parallels/2022/1211-bbmnt/bbmnt01/jWic/de.jwic.controls/src/de/jwic/controls/mobile08/MTransitionBox.java
/home/parallels/2022/1211-bbmnt/bbmnt01/jWic/de.jwic.controls/src/de/jwic/controls/HTMLElement.java
/home/parallels/2022/1211-bbmnt/bbmnt01/jWic/de.jwic.controls/src/de/jwic/controls/mobile/MRadioButton.java
/home/parallels/2022/1211-bbmnt/bbmnt01/jWic/de.jwic.controls/src/de/jwic/controls/chart/impl/util/DataConverter.java
/home/parallels/2022/1211-bbmnt/bbmnt01/jWic/de.jwic.controls/src/de/jwic/controls/dialogs/DialogAdapter.java
/home/parallels/2022/1211-bbmnt/bbmnt01/jWic/de.jwic.controls/src/de/jwic/controls/Label.java
/home/parallels/2022/1211-bbmnt/bbmnt01/jWic/de.jwic.controls/src/de/jwic/controls/mobile/Icon.java
/home/parallels/2022/1211-bbmnt/bbmnt01/jWic/de.jwic.controls/src/de/jwic/controls/chart/impl/LineChartConfiguration.java
/home/parallels/2022/1211-bbmnt/bbmnt01/jWic/de.jwic.controls/src/de/jwic/controls/StackedContainer.java
/home/parallels/2022/1211-bbmnt/bbmnt01/jWic/de.jwic.controls/src/de/jwic/controls/TabStrip.java
/home/parallels/2022/1211-bbmnt/bbmnt01/jWic/de.jwic.controls/src/de/jwic/controls/chart/impl/BarChartConfiguration.java
/home/parallels/2022/1211-bbmnt/bbmnt01/jWic/de.jwic.controls/src/de/jwic/controls/SelectableControl.java
/home/parallels/2022/1211-bbmnt/bbmnt01/jWic/de.jwic.controls/src/de/jwic/controls/mobile/MFlipSwitch.java
/home/parallels/2022/1211-bbmnt/bbmnt01/jWic/de.jwic.controls/src/de/jwic/controls/mobile03/MCheckBox.java
/home/parallels/2022/1211-bbmnt/bbmnt01/jWic/de.jwic.controls/src/de/jwic/controls/mobile02/Theme.java
/home/parallels/2022/1211-bbmnt/bbmnt01/jWic/de.jwic.controls/src/de/jwic/controls/pojoedit/PojoEditorException.java
/home/parallels/2022/1211-bbmnt/bbmnt01/jWic/de.jwic.controls/src/de/jwic/controls/chart/impl/DateTimeChartConfiguration.java
/home/parallels/2022/1211-bbmnt/bbmnt01/jWic/de.jwic.controls/src/de/jwic/controls/AbstractSelectListControl.java
/home/parallels/2022/1211-bbmnt/bbmnt01/jWic/de.jwic.controls/src/de/jwic/controls/coledit/ColumnSelectorEvent.java
/home/parallels/2022/1211-bbmnt/bbmnt01/jWic/de.jwic.controls/src/de/jwic/controls/InputBox.java
/home/parallels/2022/1211-bbmnt/bbmnt01/jWic/de.jwic.controls/src/de/jwic/controls/mobile03/Theme.java
/home/parallels/2022/1211-bbmnt/bbmnt01/jWic/de.jwic.controls/src/de/jwic/controls/chart/impl/OverlayChart.java
