de/jwic/events/SessionAdapter.class
de/jwic/web/DispatcherServlet.class
de/jwic/web/WebEngine$EngineEvent.class
de/jwic/base/ApplicationSetupBean$1.class
de/jwic/web/WebEngineAdapter.class
de/jwic/base/ImageRef.class
de/jwic/base/Dimension.class
de/jwic/events/SessionListener.class
de/jwic/base/SessionContext.class
de/jwic/upload/Content.class
de/jwic/async/ProcessEvent.class
de/jwic/base/IControl.class
de/jwic/events/ElementSelectedListener.class
de/jwic/events/KeyListener.class
de/jwic/renderer/velocity/NoLogSystem.class
de/jwic/events/SessionEvent.class
de/jwic/base/Application.class
de/jwic/web/IWebEngineListener.class
de/jwic/base/IApplication.class
de/jwic/async/IProgressMonitor.class
de/jwic/base/ControlNotFoundException.class
de/jwic/async/IAsyncProcess.class
de/jwic/events/SelectionListener.class
de/jwic/base/IControlContainer.class
de/jwic/data/SelectElementContentProvider.class
de/jwic/data/SelectElementBaseLabelProvider.class
de/jwic/base/JsDateString.class
de/jwic/base/ValueChangedQueue$ListenerEvents.class
de/jwic/base/IControlRenderer.class
de/jwic/data/DataLabel.class
de/jwic/renderer/velocity/BaseVelocityRenderer.class
de/jwic/web/UploadHttpServletRequest.class
de/jwic/util/JWicImageLibrary.class
de/jwic/base/UserAgentInfo.class
de/jwic/base/SessionContainer.class
de/jwic/base/Page$1.class
de/jwic/events/ElementSelectedEvent.class
de/jwic/events/PageEvent.class
de/jwic/util/XMLTool.class
de/jwic/web/WebEngine$Updateable.class
de/jwic/base/ApplicationSetupBean.class
de/jwic/web/IApplicationSetupProvider.class
de/jwic/data/ListContentProvider.class
de/jwic/web/RemoteUserBinding.class
de/jwic/renderer/velocity/BasicControlRenderer.class
de/jwic/web/WebEngineEvent.class
de/jwic/base/RenderContext.class
de/jwic/async/ProcessInfo.class
de/jwic/events/ValueChangedEvent.class
de/jwic/util/DTDEntityResolver.class
de/jwic/base/XmlApplicationSetup.class
de/jwic/base/IncludeJsOption.class
de/jwic/base/Field.class
de/jwic/web/ContentRenderer.class
de/jwic/async/AbstractAsyncProcess.class
de/jwic/base/IFileReciever.class
de/jwic/base/Page.class
de/jwic/events/ValueChangedListener.class
de/jwic/base/SessionManager.class
de/jwic/upload/UploadFile.class
de/jwic/util/Util.class
de/jwic/async/ProgressMonitor.class
de/jwic/base/ValueChangedQueue.class
de/jwic/base/IResourceControl.class
de/jwic/renderer/velocity/OuterContainerRenderer.class
de/jwic/events/IPageListener.class
de/jwic/web/ServletInterceptor.class
de/jwic/base/IHaveEnabled.class
de/jwic/base/ControlContainer.class
de/jwic/upload/ContentParser.class
de/jwic/renderer/self/ISelfRenderingControl.class
de/jwic/base/ConfigurationTool.class
de/jwic/upload/Upload.class
de/jwic/base/JavaScriptSupport.class
de/jwic/events/FileReceivedListener.class
de/jwic/util/IHTMLElement.class
de/jwic/web/WebEngine.class
de/jwic/web/IAuthenticator.class
de/jwic/json/JsonResourceControl.class
de/jwic/events/SelectionEvent.class
de/jwic/web/WebEngine$1.class
de/jwic/base/JWicRuntime$HttpSessionClosedListener.class
de/jwic/base/JWicException.class
de/jwic/base/IApplicationSetup.class
de/jwic/async/IProcessListener.class
de/jwic/web/ClasspathResourceServlet.class
de/jwic/base/IOuterLayout.class
de/jwic/base/XmlApplicationSetup$1.class
de/jwic/base/JWicRuntime.class
de/jwic/base/Event.class
de/jwic/events/FileReceivedEvent.class
de/jwic/base/MouseEvent.class
de/jwic/json/IObjectToJsonSerializer.class
de/jwic/util/Messages.class
de/jwic/events/KeyEvent.class
de/jwic/data/ISelectElement.class
de/jwic/renderer/util/ChildRenderer.class
de/jwic/base/SessionManager$RefreshDeamon.class
de/jwic/web/UploadHttpServletRequest$Iterator2Enumerator.class
de/jwic/data/IContentProvider.class
de/jwic/base/IEventListener.class
de/jwic/base/Page$EventType.class
de/jwic/renderer/jsp/JspRenderer.class
de/jwic/util/SerObservable.class
de/jwic/web/NotAuthenticatedException.class
de/jwic/data/IBaseLabelProvider.class
de/jwic/base/EventSupport.class
de/jwic/json/BeanToJsonSerializer.class
de/jwic/renderer/util/JWicTools.class
de/jwic/base/SessionManager$1.class
de/jwic/base/DefaultActionController.class
de/jwic/data/Range.class
de/jwic/util/Compatibility.class
de/jwic/base/Control.class
de/jwic/util/SerObserver.class
de/jwic/util/StringTool.class
de/jwic/data/SelectElement.class
de/jwic/renderer/jsp/HttpServletResponseFacade.class
de/jwic/base/ControlNotAvailableException.class
de/jwic/renderer/velocity/OuterContainerRenderer$OuterContentRenderer.class
de/jwic/renderer/self/SelfRenderer.class
de/jwic/base/IActionController.class
