/home/u2/git-bbmnt/bbmnt01/jWic/de.jwic.core/src/de/jwic/json/JsonResourceControl.java
/home/u2/git-bbmnt/bbmnt01/jWic/de.jwic.core/src/de/jwic/base/SessionContext.java
/home/u2/git-bbmnt/bbmnt01/jWic/de.jwic.core/src/de/jwic/base/IControlContainer.java
/home/u2/git-bbmnt/bbmnt01/jWic/de.jwic.core/src/de/jwic/data/SelectElementContentProvider.java
/home/u2/git-bbmnt/bbmnt01/jWic/de.jwic.core/src/de/jwic/json/IObjectToJsonSerializer.java
/home/u2/git-bbmnt/bbmnt01/jWic/de.jwic.core/src/de/jwic/upload/UploadFile.java
/home/u2/git-bbmnt/bbmnt01/jWic/de.jwic.core/src/de/jwic/renderer/velocity/BaseVelocityRenderer.java
/home/u2/git-bbmnt/bbmnt01/jWic/de.jwic.core/src/de/jwic/util/Messages.java
/home/u2/git-bbmnt/bbmnt01/jWic/de.jwic.core/src/de/jwic/base/UserAgentInfo.java
/home/u2/git-bbmnt/bbmnt01/jWic/de.jwic.core/src/de/jwic/base/IResourceControl.java
/home/u2/git-bbmnt/bbmnt01/jWic/de.jwic.core/src/de/jwic/util/XMLTool.java
/home/u2/git-bbmnt/bbmnt01/jWic/de.jwic.core/src/de/jwic/util/SerObserver.java
/home/u2/git-bbmnt/bbmnt01/jWic/de.jwic.core/src/de/jwic/data/SelectElement.java
/home/u2/git-bbmnt/bbmnt01/jWic/de.jwic.core/src/de/jwic/events/SelectionListener.java
/home/u2/git-bbmnt/bbmnt01/jWic/de.jwic.core/src/de/jwic/json/BeanToJsonSerializer.java
/home/u2/git-bbmnt/bbmnt01/jWic/de.jwic.core/src/de/jwic/util/JWicImageLibrary.java
/home/u2/git-bbmnt/bbmnt01/jWic/de.jwic.core/src/de/jwic/events/ValueChangedEvent.java
/home/u2/git-bbmnt/bbmnt01/jWic/de.jwic.core/src/de/jwic/base/IEventListener.java
/home/u2/git-bbmnt/bbmnt01/jWic/de.jwic.core/src/de/jwic/util/Util.java
/home/u2/git-bbmnt/bbmnt01/jWic/de.jwic.core/src/de/jwic/web/WebEngineAdapter.java
/home/u2/git-bbmnt/bbmnt01/jWic/de.jwic.core/src/de/jwic/base/Event.java
/home/u2/git-bbmnt/bbmnt01/jWic/de.jwic.core/src/de/jwic/renderer/jsp/JspRenderer.java
/home/u2/git-bbmnt/bbmnt01/jWic/de.jwic.core/src/de/jwic/base/Dimension.java
/home/u2/git-bbmnt/bbmnt01/jWic/de.jwic.core/src/de/jwic/base/IControl.java
/home/u2/git-bbmnt/bbmnt01/jWic/de.jwic.core/src/de/jwic/renderer/util/ChildRenderer.java
/home/u2/git-bbmnt/bbmnt01/jWic/de.jwic.core/src/de/jwic/web/ContentRenderer.java
/home/u2/git-bbmnt/bbmnt01/jWic/de.jwic.core/src/de/jwic/web/IAuthenticator.java
/home/u2/git-bbmnt/bbmnt01/jWic/de.jwic.core/src/de/jwic/renderer/self/ISelfRenderingControl.java
/home/u2/git-bbmnt/bbmnt01/jWic/de.jwic.core/src/de/jwic/web/IWebEngineListener.java
/home/u2/git-bbmnt/bbmnt01/jWic/de.jwic.core/src/de/jwic/renderer/util/JWicTools.java
/home/u2/git-bbmnt/bbmnt01/jWic/de.jwic.core/src/de/jwic/base/Page.java
/home/u2/git-bbmnt/bbmnt01/jWic/de.jwic.core/src/de/jwic/renderer/jsp/HttpServletResponseFacade.java
/home/u2/git-bbmnt/bbmnt01/jWic/de.jwic.core/src/de/jwic/util/StringTool.java
/home/u2/git-bbmnt/bbmnt01/jWic/de.jwic.core/src/de/jwic/data/ListContentProvider.java
/home/u2/git-bbmnt/bbmnt01/jWic/de.jwic.core/src/de/jwic/async/IProgressMonitor.java
/home/u2/git-bbmnt/bbmnt01/jWic/de.jwic.core/src/de/jwic/base/JavaScriptSupport.java
/home/u2/git-bbmnt/bbmnt01/jWic/de.jwic.core/src/de/jwic/base/IFileReciever.java
/home/u2/git-bbmnt/bbmnt01/jWic/de.jwic.core/src/de/jwic/web/WebEngine.java
/home/u2/git-bbmnt/bbmnt01/jWic/de.jwic.core/src/de/jwic/data/IContentProvider.java
/home/u2/git-bbmnt/bbmnt01/jWic/de.jwic.core/src/de/jwic/events/ElementSelectedListener.java
/home/u2/git-bbmnt/bbmnt01/jWic/de.jwic.core/src/de/jwic/data/SelectElementBaseLabelProvider.java
/home/u2/git-bbmnt/bbmnt01/jWic/de.jwic.core/src/de/jwic/base/IncludeJsOption.java
/home/u2/git-bbmnt/bbmnt01/jWic/de.jwic.core/src/de/jwic/async/IAsyncProcess.java
/home/u2/git-bbmnt/bbmnt01/jWic/de.jwic.core/src/de/jwic/base/XmlApplicationSetup.java
/home/u2/git-bbmnt/bbmnt01/jWic/de.jwic.core/src/de/jwic/upload/Content.java
/home/u2/git-bbmnt/bbmnt01/jWic/de.jwic.core/src/de/jwic/base/IActionController.java
/home/u2/git-bbmnt/bbmnt01/jWic/de.jwic.core/src/de/jwic/web/NotAuthenticatedException.java
/home/u2/git-bbmnt/bbmnt01/jWic/de.jwic.core/src/de/jwic/web/ClasspathResourceServlet.java
/home/u2/git-bbmnt/bbmnt01/jWic/de.jwic.core/src/de/jwic/events/ValueChangedListener.java
/home/u2/git-bbmnt/bbmnt01/jWic/de.jwic.core/src/de/jwic/base/JsDateString.java
/home/u2/git-bbmnt/bbmnt01/jWic/de.jwic.core/src/de/jwic/base/EventSupport.java
/home/u2/git-bbmnt/bbmnt01/jWic/de.jwic.core/src/de/jwic/web/IApplicationSetupProvider.java
/home/u2/git-bbmnt/bbmnt01/jWic/de.jwic.core/src/de/jwic/events/SelectionEvent.java
/home/u2/git-bbmnt/bbmnt01/jWic/de.jwic.core/src/de/jwic/util/DTDEntityResolver.java
/home/u2/git-bbmnt/bbmnt01/jWic/de.jwic.core/src/de/jwic/base/ImageRef.java
/home/u2/git-bbmnt/bbmnt01/jWic/de.jwic.core/src/de/jwic/data/DataLabel.java
/home/u2/git-bbmnt/bbmnt01/jWic/de.jwic.core/src/de/jwic/async/ProcessInfo.java
/home/u2/git-bbmnt/bbmnt01/jWic/de.jwic.core/src/de/jwic/base/DefaultActionController.java
/home/u2/git-bbmnt/bbmnt01/jWic/de.jwic.core/src/de/jwic/base/Control.java
/home/u2/git-bbmnt/bbmnt01/jWic/de.jwic.core/src/de/jwic/renderer/velocity/NoLogSystem.java
/home/u2/git-bbmnt/bbmnt01/jWic/de.jwic.core/src/de/jwic/base/IApplicationSetup.java
/home/u2/git-bbmnt/bbmnt01/jWic/de.jwic.core/src/de/jwic/renderer/velocity/BasicControlRenderer.java
/home/u2/git-bbmnt/bbmnt01/jWic/de.jwic.core/src/de/jwic/base/IOuterLayout.java
/home/u2/git-bbmnt/bbmnt01/jWic/de.jwic.core/src/de/jwic/web/RemoteUserBinding.java
/home/u2/git-bbmnt/bbmnt01/jWic/de.jwic.core/src/de/jwic/upload/ContentParser.java
/home/u2/git-bbmnt/bbmnt01/jWic/de.jwic.core/src/de/jwic/events/SessionAdapter.java
/home/u2/git-bbmnt/bbmnt01/jWic/de.jwic.core/src/de/jwic/util/IHTMLElement.java
/home/u2/git-bbmnt/bbmnt01/jWic/de.jwic.core/src/de/jwic/base/IApplication.java
/home/u2/git-bbmnt/bbmnt01/jWic/de.jwic.core/src/de/jwic/renderer/velocity/OuterContainerRenderer.java
/home/u2/git-bbmnt/bbmnt01/jWic/de.jwic.core/src/de/jwic/base/IHaveEnabled.java
/home/u2/git-bbmnt/bbmnt01/jWic/de.jwic.core/src/de/jwic/base/JWicRuntime.java
/home/u2/git-bbmnt/bbmnt01/jWic/de.jwic.core/src/de/jwic/base/RenderContext.java
/home/u2/git-bbmnt/bbmnt01/jWic/de.jwic.core/src/de/jwic/events/FileReceivedListener.java
/home/u2/git-bbmnt/bbmnt01/jWic/de.jwic.core/src/de/jwic/util/Compatibility.java
/home/u2/git-bbmnt/bbmnt01/jWic/de.jwic.core/src/de/jwic/upload/Upload.java
/home/u2/git-bbmnt/bbmnt01/jWic/de.jwic.core/src/de/jwic/web/DispatcherServlet.java
/home/u2/git-bbmnt/bbmnt01/jWic/de.jwic.core/src/de/jwic/events/SessionEvent.java
/home/u2/git-bbmnt/bbmnt01/jWic/de.jwic.core/src/de/jwic/base/MouseEvent.java
/home/u2/git-bbmnt/bbmnt01/jWic/de.jwic.core/src/de/jwic/base/SessionContainer.java
/home/u2/git-bbmnt/bbmnt01/jWic/de.jwic.core/src/de/jwic/async/ProcessEvent.java
/home/u2/git-bbmnt/bbmnt01/jWic/de.jwic.core/src/de/jwic/web/WebEngineEvent.java
/home/u2/git-bbmnt/bbmnt01/jWic/de.jwic.core/src/de/jwic/base/JWicException.java
/home/u2/git-bbmnt/bbmnt01/jWic/de.jwic.core/src/de/jwic/events/FileReceivedEvent.java
/home/u2/git-bbmnt/bbmnt01/jWic/de.jwic.core/src/de/jwic/events/PageEvent.java
/home/u2/git-bbmnt/bbmnt01/jWic/de.jwic.core/src/de/jwic/events/ElementSelectedEvent.java
/home/u2/git-bbmnt/bbmnt01/jWic/de.jwic.core/src/de/jwic/events/SessionListener.java
/home/u2/git-bbmnt/bbmnt01/jWic/de.jwic.core/src/de/jwic/base/ValueChangedQueue.java
/home/u2/git-bbmnt/bbmnt01/jWic/de.jwic.core/src/de/jwic/async/IProcessListener.java
/home/u2/git-bbmnt/bbmnt01/jWic/de.jwic.core/src/de/jwic/events/IPageListener.java
/home/u2/git-bbmnt/bbmnt01/jWic/de.jwic.core/src/de/jwic/events/KeyListener.java
/home/u2/git-bbmnt/bbmnt01/jWic/de.jwic.core/src/de/jwic/data/Range.java
/home/u2/git-bbmnt/bbmnt01/jWic/de.jwic.core/src/de/jwic/web/UploadHttpServletRequest.java
/home/u2/git-bbmnt/bbmnt01/jWic/de.jwic.core/src/de/jwic/events/KeyEvent.java
/home/u2/git-bbmnt/bbmnt01/jWic/de.jwic.core/src/de/jwic/base/ApplicationSetupBean.java
/home/u2/git-bbmnt/bbmnt01/jWic/de.jwic.core/src/de/jwic/async/AbstractAsyncProcess.java
/home/u2/git-bbmnt/bbmnt01/jWic/de.jwic.core/src/de/jwic/async/ProgressMonitor.java
/home/u2/git-bbmnt/bbmnt01/jWic/de.jwic.core/src/de/jwic/base/Field.java
/home/u2/git-bbmnt/bbmnt01/jWic/de.jwic.core/src/de/jwic/base/ConfigurationTool.java
/home/u2/git-bbmnt/bbmnt01/jWic/de.jwic.core/src/de/jwic/util/SerObservable.java
/home/u2/git-bbmnt/bbmnt01/jWic/de.jwic.core/src/de/jwic/renderer/self/SelfRenderer.java
/home/u2/git-bbmnt/bbmnt01/jWic/de.jwic.core/src/de/jwic/web/ServletInterceptor.java
/home/u2/git-bbmnt/bbmnt01/jWic/de.jwic.core/src/de/jwic/data/ISelectElement.java
/home/u2/git-bbmnt/bbmnt01/jWic/de.jwic.core/src/de/jwic/base/Application.java
/home/u2/git-bbmnt/bbmnt01/jWic/de.jwic.core/src/de/jwic/data/IBaseLabelProvider.java
/home/u2/git-bbmnt/bbmnt01/jWic/de.jwic.core/src/de/jwic/base/ControlNotFoundException.java
/home/u2/git-bbmnt/bbmnt01/jWic/de.jwic.core/src/de/jwic/base/IControlRenderer.java
/home/u2/git-bbmnt/bbmnt01/jWic/de.jwic.core/src/de/jwic/base/ControlNotAvailableException.java
/home/u2/git-bbmnt/bbmnt01/jWic/de.jwic.core/src/de/jwic/base/ControlContainer.java
/home/u2/git-bbmnt/bbmnt01/jWic/de.jwic.core/src/de/jwic/base/SessionManager.java
