/home/u2/dev/git-bbmnt/bbmnt01/jWic/de.jwic.controls/src_test/de/jwic/controls/chart/DatenConverterTest.java
/home/u2/dev/git-bbmnt/bbmnt01/jWic/de.jwic.controls/src_test/de/jwic/controls/InputBoxControlTest.java
/home/u2/dev/git-bbmnt/bbmnt01/jWic/de.jwic.controls/src_test/de/jwic/controls/AnchorLinkControlTest.java
/home/u2/dev/git-bbmnt/bbmnt01/jWic/de.jwic.controls/src_test/de/jwic/controls/chart/ChartTest.java
/home/u2/dev/git-bbmnt/bbmnt01/jWic/de.jwic.controls/src_test/de/jwic/test/JWicTestSuite.java
/home/u2/dev/git-bbmnt/bbmnt01/jWic/de.jwic.controls/src_test/de/jwic/base/ControlMovementTest.java
/home/u2/dev/git-bbmnt/bbmnt01/jWic/de.jwic.controls/src_test/de/jwic/test/TestLauncher.java
/home/u2/dev/git-bbmnt/bbmnt01/jWic/de.jwic.controls/src_test/de/jwic/ecolib/controls/StackedContainerTest.java
/home/u2/dev/git-bbmnt/bbmnt01/jWic/de.jwic.controls/src_test/de/jwic/controls/ButtonControlTest.java
/home/u2/dev/git-bbmnt/bbmnt01/jWic/de.jwic.controls/src_test/de/jwic/base/ControlTest.java
/home/u2/dev/git-bbmnt/bbmnt01/jWic/de.jwic.controls/src_test/de/jwic/controls/chart/ScatterChartTest.java
/home/u2/dev/git-bbmnt/bbmnt01/jWic/de.jwic.controls/src_test/de/jwic/base/XmlApplicationSetupTest.java
