de/jwic/controls/DateInputBoxControl.class
de/jwic/controls/CheckboxControl.class
de/jwic/controls/LabelControl.class
de/jwic/controls/ProgressBarControl$1.class
de/jwic/ecolib/controls/StackedContainer.class
de/jwic/ecolib/minichart/MiniChart.class
de/jwic/controls/Tree.class
de/jwic/controls/ProgressBarControl$MyChangeListener.class
de/jwic/controls/ListBoxControl.class
de/jwic/controls/TabControl.class
de/jwic/controls/InlineWindow.class
de/jwic/controls/ButtonControl.class
de/jwic/controls/TreeEntryIterator.class
de/jwic/ecolib/controls/chart/ChartControl.class
de/jwic/controls/ListControl$1.class
de/jwic/controls/InlineWindow$Position.class
de/jwic/ecolib/tableviewer/export/ExcelExportControl.class
de/jwic/controls/ProgressBarControl.class
de/jwic/ecolib/tableviewer/defaults/ListContentProvider.class
de/jwic/ecolib/minichart/MiniChartStyle.class
de/jwic/controls/WindowControl.class
de/jwic/controls/SubFrameControl.class
de/jwic/controls/InputBoxControl.class
de/jwic/ecolib/minichart/IChartDataProvider.class
de/jwic/controls/TabStripControl.class
de/jwic/controls/RadioGroupControl.class
de/jwic/controls/TreeEntry.class
de/jwic/controls/ActionBarControl.class
de/jwic/controls/ListControl.class
de/jwic/ecolib/controls/balloon/BalloonControl.class
de/jwic/controls/TreeControl.class
de/jwic/controls/AnchorLinkControl.class
de/jwic/controls/ActionBarControl$Align.class
