/home/u2/git-bbmnt/bbmnt01/jWic/de.jwic.compatibility/src/de/jwic/ecolib/minichart/MiniChart.java
/home/u2/git-bbmnt/bbmnt01/jWic/de.jwic.compatibility/src/de/jwic/ecolib/minichart/IChartDataProvider.java
/home/u2/git-bbmnt/bbmnt01/jWic/de.jwic.compatibility/src/de/jwic/controls/ButtonControl.java
/home/u2/git-bbmnt/bbmnt01/jWic/de.jwic.compatibility/src/de/jwic/controls/DateInputBoxControl.java
/home/u2/git-bbmnt/bbmnt01/jWic/de.jwic.compatibility/src/de/jwic/controls/WindowControl.java
/home/u2/git-bbmnt/bbmnt01/jWic/de.jwic.compatibility/src/de/jwic/controls/TreeControl.java
/home/u2/git-bbmnt/bbmnt01/jWic/de.jwic.compatibility/src/de/jwic/controls/Tree.java
/home/u2/git-bbmnt/bbmnt01/jWic/de.jwic.compatibility/src/de/jwic/ecolib/tableviewer/defaults/ListContentProvider.java
/home/u2/git-bbmnt/bbmnt01/jWic/de.jwic.compatibility/src/de/jwic/ecolib/tableviewer/export/ExcelExportControl.java
/home/u2/git-bbmnt/bbmnt01/jWic/de.jwic.compatibility/src/de/jwic/controls/ListControl.java
/home/u2/git-bbmnt/bbmnt01/jWic/de.jwic.compatibility/src/de/jwic/controls/InlineWindow.java
/home/u2/git-bbmnt/bbmnt01/jWic/de.jwic.compatibility/src/de/jwic/controls/RadioGroupControl.java
/home/u2/git-bbmnt/bbmnt01/jWic/de.jwic.compatibility/src/de/jwic/controls/ProgressBarControl.java
/home/u2/git-bbmnt/bbmnt01/jWic/de.jwic.compatibility/src/de/jwic/ecolib/controls/chart/ChartControl.java
/home/u2/git-bbmnt/bbmnt01/jWic/de.jwic.compatibility/src/de/jwic/controls/CheckboxControl.java
/home/u2/git-bbmnt/bbmnt01/jWic/de.jwic.compatibility/src/de/jwic/ecolib/minichart/MiniChartStyle.java
/home/u2/git-bbmnt/bbmnt01/jWic/de.jwic.compatibility/src/de/jwic/ecolib/controls/StackedContainer.java
/home/u2/git-bbmnt/bbmnt01/jWic/de.jwic.compatibility/src/de/jwic/controls/ListBoxControl.java
/home/u2/git-bbmnt/bbmnt01/jWic/de.jwic.compatibility/src/de/jwic/controls/TreeEntry.java
/home/u2/git-bbmnt/bbmnt01/jWic/de.jwic.compatibility/src/de/jwic/controls/TabControl.java
/home/u2/git-bbmnt/bbmnt01/jWic/de.jwic.compatibility/src/de/jwic/controls/LabelControl.java
/home/u2/git-bbmnt/bbmnt01/jWic/de.jwic.compatibility/src/de/jwic/controls/SubFrameControl.java
/home/u2/git-bbmnt/bbmnt01/jWic/de.jwic.compatibility/src/de/jwic/controls/InputBoxControl.java
/home/u2/git-bbmnt/bbmnt01/jWic/de.jwic.compatibility/src/de/jwic/controls/ActionBarControl.java
/home/u2/git-bbmnt/bbmnt01/jWic/de.jwic.compatibility/src/de/jwic/controls/TabStripControl.java
/home/u2/git-bbmnt/bbmnt01/jWic/de.jwic.compatibility/src/de/jwic/controls/AnchorLinkControl.java
/home/u2/git-bbmnt/bbmnt01/jWic/de.jwic.compatibility/src/de/jwic/ecolib/controls/balloon/BalloonControl.java
