de/jwic/demo/basics/DatePickerDemo.class
de/jwic/demo/basics/CheckBoxGroupDemo$2.class
de/jwic/demo/advanced/CKEditorDemo$2.class
de/jwic/demo/basics/DatePickerDemo$6.class
de/jwic/samples/filebrowser/FileListView.class
de/jwic/ecolib/samples/controls/TestAction.class
de/jwic/demo/tbv/DemoTaskContentProvider$1.class
de/jwic/samples/controls/CheckboxGroupDemo$5.class
de/jwic/demo/basics/ListBoxDemoModule.class
de/jwic/demo/framework/BlockOnWait$2.class
de/jwic/samples/controls/propeditor/PropertyEditorView$1.class
de/jwic/demo/basics/CheckBoxDemo.class
de/jwic/demo/wizard/SummaryPage$1.class
de/jwic/demo/container/GroupControlDemo$1.class
de/jwic/demo/wizard/PageConfigurationPage.class
de/jwic/samples/controls/ProgressBarDemo$1.class
de/jwic/demo/advanced/ProcessInfoDemo$4.class
de/jwic/demo/basics/DatePickerDemo$1.class
de/jwic/ecolib/samples/controls/CKEditorDemo$3.class
de/jwic/samples/layers/TestApplication.class
de/jwic/demo/container/TabStripDemo$3.class
de/jwic/samples/controls/ButtonImageDemo.class
de/jwic/demo/DemoSelector.class
de/jwic/samples/controls/propeditor/BooleanMapper.class
de/jwic/mobile/demos/TabsDemo.class
de/jwic/samples/controls/RadioGroupDemo$1.class
de/jwic/samples/layers/OtherPage$1.class
de/jwic/samples/controls/AsyncRenderContainerDemo$2.class
de/jwic/samples/controls/JavaScriptDemo$1.class
de/jwic/demo/DemoModel.class
de/jwic/samples/controls/CheckboxDemo.class
de/jwic/demo/wizard/PageEditorControl.class
de/jwic/demo/tbv/FileTreeDemo$1.class
de/jwic/demo/advanced/ComboLifeSearchDemoModule.class
de/jwic/demo/basics/RadioGroupDemo$3.class
de/jwic/samples/filebrowser/FileTreeView$TreeSelectionController.class
de/jwic/samples/controls/ButtonImageDemo$3.class
de/jwic/demo/chart/ChartDemo$4.class
de/jwic/mobile/demos/ButtonDemo$4.class
de/jwic/samples/controls/InputBoxDemo$2.class
de/jwic/demo/tbv/FileLabelProvider.class
de/jwic/linder01/demos/InputDemo$2.class
de/jwic/demo/container/AccordionDemoModule.class
de/jwic/demo/container/ScrollableContainerDemo$3.class
de/jwic/demo/tbv/TableViewerDemo$9.class
de/jwic/samples/controls/TabStripDemo$1.class
de/jwic/demo/model/ColorDemo.class
de/jwic/demo/tbv/slickgrid/SlickGridDemo.class
de/jwic/demo/basics/ButtonDemo.class
de/jwic/demo/basics/RadioGroupDemo$10.class
de/jwic/samples/controls/PleaseWaitDemo.class
de/jwic/demo/chartdb/ReportView.class
de/jwic/ecolib/samples/controls/ChartDemo$2.class
de/jwic/demo/advanced/PartObject.class
de/jwic/samples/controls/RadioDemo.class
de/jwic/demo/framework/BlockOnWait.class
de/jwic/samples/controls/ComboDropDownDemo$1.class
de/jwic/linder01/MobileDemoPage.class
de/jwic/demo/advanced/PartObjectContentProvider.class
de/jwic/linder01/demos/InputDemo$1.class
de/jwic/samples/controls/GroupControlDemo$4.class
de/jwic/demo/wizard/IPageEditorControlObserver.class
de/jwic/samples/controls/RadioGroupDemo$5.class
de/jwic/demo/tbv/FileTreeDemo$5.class
de/jwic/demo/chartdb/ReportView$1.class
de/jwic/samples/sample3/TemperatureGUI$IncreaseController.class
de/jwic/demo/container/StackedContainerDemo$4.class
de/jwic/samples/controls/ListBoxDemo$3.class
de/jwic/demo/model/ColorChanger$2.class
de/jwic/samples/controls/WindowDemo$3.class
de/jwic/samples/controls/NumericInputControlDemo$1.class
de/jwic/mobile/demos/CheckBoxDemo.class
de/jwic/demo/chart/ChartDemo$8.class
de/jwic/mobile/demos/SelectMenuDemo.class
de/jwic/demo/tbv/FileTreeNode.class
de/jwic/demo/basics/RadioGroupDemo$8.class
de/jwic/samples/controls/ButtonImageDemo$EventLogListener.class
de/jwic/demo/wizard/PageConfigurationPage$2.class
de/jwic/demo/chart/ChartDemo$9.class
de/jwic/samples/controls/JavaScriptDemo.class
de/jwic/samples/controls/JavaScriptDemo$2.class
de/jwic/demo/framework/AsyncRenderDemoModule.class
de/jwic/demo/advanced/ComboLifeSearchDemo$2.class
de/jwic/demo/tbv/FileTreeDemo$6.class
de/jwic/samples/sample4/TableLayoutDemo.class
de/jwic/demo/advanced/ProcessInfoDemo$5.class
de/jwic/demo/chart/PolarChartDemo.class
de/jwic/mobile12/MobileDemoApplication.class
de/jwic/samples/filebrowser/FileListControl$ModelObserver.class
de/jwic/samples/controls/ComboDropDownDemo.class
de/jwic/samples/controls/ListBoxDemo$2.class
de/jwic/demo/container/StackedContainerDemo$5.class
de/jwic/demo/tbv/BasicTBVDemo$5.class
de/jwic/demo/basics/FileUploadDemo.class
de/jwic/demo/basics/RadioGroupDemo$7.class
de/jwic/mobile12/demos/AudioDevPage.class
de/jwic/samples/controls/propeditor/EnumMapper.class
de/jwic/samples/controls/ComboMultiSelectDemo$1.class
de/jwic/demo/tbv/BasicTBVDemo$4.class
de/jwic/samples/controls/WindowDemo$2.class
de/jwic/demo/advanced/CKEditorDemo$6.class
de/jwic/samples/controls/ProgressBarDemo.class
de/jwic/demo/chart/TableElementContentProvider.class
de/jwic/demo/wizard/WizardDemoControl$2.class
de/jwic/samples/controls/propeditor/EnumListBoxControl.class
de/jwic/demo/model/ColorModel$ColorElm.class
de/jwic/samples/controls/RadioGroupDemo$6.class
de/jwic/demo/tbv/FileNodeContentProvider.class
de/jwic/demo/advanced/ComboLifeSearchDemo$1.class
de/jwic/samples/controls/AnchorLinkDemo$4.class
de/jwic/demo/chart/DateTimeChartDemoModule.class
de/jwic/samples/filebrowser/viewer/XWicPreview.class
de/jwic/samples/filebrowser/FileTreeNode$1.class
de/jwic/demo/wizard/WizardDemoControl$1.class
de/jwic/samples/controls/ComboDemo.class
de/jwic/demo/basics/ToolBarDemo$1.class
de/jwic/demo/wizard/PageEditorControl$1.class
de/jwic/demo/advanced/ColumnSelectorDemo.class
de/jwic/samples/controls/Folder.class
de/jwic/samples/controls/PartObject.class
de/jwic/demo/advanced/CKEditorDemo$7.class
de/jwic/demo/DemoApplication.class
de/jwic/samples/controls/PleaseWaitDemo$EventLogListener.class
de/jwic/samples/controls/AnchorLinkDemo$3.class
de/jwic/samples/controls/propeditor/LabelControlMapper.class
de/jwic/samples/controls/NumericInputControlDemo.class
de/jwic/demo/chart/RadarChartDemoModule.class
de/jwic/demo/container/WindowDemo.class
de/jwic/demo/basics/Calculator.class
de/jwic/demo/chart/ChartDemo$BarSelectedElementListener.class
de/jwic/samples/controls/CheckboxGroupDemo$1.class
de/jwic/demo/DemoPage$1.class
de/jwic/samples/controls/RadioGroupDemo$2.class
de/jwic/ecolib/samples/controls/DatePickerDemo$6.class
de/jwic/samples/filebrowser/DirectoryModel.class
de/jwic/mobile/demos/DatePickerDemo.class
de/jwic/demo/container/StackedContainerDemo$1.class
de/jwic/demo/advanced/ColumnSelectorResult.class
de/jwic/demo/container/GroupControlDemo$2.class
de/jwic/samples/controls/propeditor/InputBoxControlMapper.class
de/jwic/ecolib/samples/controls/BalloonDemo.class
de/jwic/demo/wizard/WizardGeneratorModel.class
de/jwic/demo/advanced/ProcessInfoDemo$3.class
de/jwic/samples/controls/InputBoxDemo$1.class
de/jwic/ecolib/samples/controls/ChartDemo$1.class
de/jwic/demo/basics/ButtonDemo$3.class
de/jwic/demo/tbv/BasicTBVDemo$3.class
de/jwic/ecolib/samples/controls/DatePickerDemo$1.class
de/jwic/demo/framework/BlockOnWait$1.class
de/jwic/linder01/demos/EchoWindow.class
de/jwic/demo/container/StackedContainerDemo$6.class
de/jwic/demo/advanced/ErrorWarningDemo$1.class
de/jwic/mobile/demos/RadioButtonDemo$1.class
de/jwic/samples/controls/ControlDemoApplication.class
de/jwic/mobile12/demos/AudioButton.class
de/jwic/samples/controls/AnchorLinkDemo$5.class
de/jwic/samples/controls/TreeDemo.class
de/jwic/samples/controls/InputBoxDemo.class
de/jwic/demo/basics/RadioGroupDemoModule.class
de/jwic/demo/advanced/ComboLifeSearchDemo.class
de/jwic/mobile/demos/CheckBoxDemo$2.class
de/jwic/linder01/demos/SelectMenuDemo06.class
de/jwic/samples/controls/RadioButtonDemo.class
de/jwic/samples/sample3/TemperatureModel.class
de/jwic/demo/basics/MenuDemoModule.class
de/jwic/linder01/demos/IAction2.class
de/jwic/mobile/demos/InputDemo.class
de/jwic/linder01/MobileDemoApplication.class
de/jwic/demo/chart/BarChartDemo.class
de/jwic/mobile/MobileDemoPage$1.class
de/jwic/demo/advanced/ErrorWarningDemo.class
de/jwic/samples/sample3/TemperatureGUI.class
de/jwic/demo/tbv/FileTreeDemo$10.class
de/jwic/linder01/demos/AudioButton.class
de/jwic/demo/chart/LineChartDemo.class
de/jwic/demo/framework/AsyncRenderContainerDemo.class
de/jwic/demo/basics/InputBoxDemoModule$1.class
de/jwic/demo/tbv/AddDemoTaskDialog.class
de/jwic/demo/tbv/FileTreeDemo$4.class
de/jwic/demo/tbv/FileTreeDemoModule.class
de/jwic/demo/container/StackedContainerDemo$3.class
de/jwic/linder01/demos/EchoWindow$1.class
de/jwic/samples/controls/propeditor/IPropertyMapper.class
de/jwic/demo/basics/DatePickerDemoModule.class
de/jwic/demo/chart/StackedBarDemo.class
de/jwic/linder01/MobileDemoPage$1.class
de/jwic/linder01/demos/IndexAction.class
de/jwic/demo/container/GroupControlDemo$4.class
de/jwic/samples/controls/LabelDemo.class
de/jwic/demo/chart/LineChartDemoModule.class
de/jwic/samples/controls/GroupControlDemo.class
de/jwic/samples/controls/ComboDropDownDemo$2.class
de/jwic/samples/controls/FolderContentProvider.class
de/jwic/samples/controls/TestRecorderActionController.class
de/jwic/samples/controls/NumericInputControlDemo$EventLogListener.class
de/jwic/demo/tbv/FileTreeDemo$2.class
de/jwic/linder01/demos/CheckBoxDemo$2.class
de/jwic/demo/container/StackedContainerDemo.class
de/jwic/ecolib/samples/controls/CKEditorDemo.class
de/jwic/mobile/demos/DatePickerDemo$1.class
de/jwic/samples/filebrowser/ClosedEvent.class
de/jwic/ecolib/samples/controls/ChartDemo$3.class
de/jwic/mobile12/MobileDemoModule.class
de/jwic/demo/advanced/ComboDropDownDemo.class
de/jwic/mobile/demos/ButtonDemo$5.class
de/jwic/demo/advanced/ProcessInfoDemo$1.class
de/jwic/demo/basics/InputBoxDemoModule.class
de/jwic/samples/controls/ListBoxDemo$SelectionEventLogListener.class
de/jwic/demo/chartdb/GlobalFilters$1.class
de/jwic/demo/basics/ListBoxDemo.class
de/jwic/ecolib/samples/controls/DatePickerDemo$3.class
de/jwic/mobile/demos/FlipSwitchDemo.class
de/jwic/demo/chart/PolarChartDemoModule.class
de/jwic/samples/filebrowser/FileTreeView$ModelObserver.class
de/jwic/samples/controls/ListBoxDemo.class
de/jwic/mobile/demos/ButtonDemo$3.class
de/jwic/demo/tbv/BasicTBVDemoModule.class
de/jwic/demo/basics/ListBoxDemo$2.class
de/jwic/demo/advanced/CKEditorDemo.class
de/jwic/demo/tbv/slickgrid/SlickGridDemo$1.class
de/jwic/demo/basics/CheckBoxGroupDemo$4.class
de/jwic/demo/tbv/FileTreeDemo$DemoTableViewerListener.class
de/jwic/samples/filebrowser/FileBrowserControl$ModelObserver.class
de/jwic/demo/basics/ToolBarDemo.class
de/jwic/samples/filebrowser/PathInfoControl$1.class
de/jwic/demo/advanced/CKEditorDemoModule.class
de/jwic/ecolib/samples/controls/DatePickerDemo$8.class
de/jwic/demo/container/TabStripDemoModule.class
de/jwic/samples/controls/WindowDemo.class
de/jwic/samples/filebrowser/PathInfoControl$2.class
de/jwic/mobile12/demos/InputDemo.class
de/jwic/demo/chart/StackedBarChartModule.class
de/jwic/mobile/demos/ButtonDemo$2.class
de/jwic/demo/pojoedit/MyPojo.class
de/jwic/demo/wizard/SummaryPage.class
de/jwic/samples/controls/SlowRenderingControl.class
de/jwic/samples/sample2/Sample2.class
de/jwic/samples/layers/TestPage.class
de/jwic/demo/basics/ListBoxDemo$1.class
de/jwic/demo/tbv/slickgrid/SlickGridDemo$2.class
de/jwic/demo/basics/CheckBoxGroupDemo$3.class
de/jwic/ecolib/samples/controls/DatePickerDemo$2.class
de/jwic/mobile12/demos/InputDemo$1.class
de/jwic/ecolib/samples/controls/DatePickerDemo$5.class
de/jwic/ecolib/samples/controls/FormDemo.class
de/jwic/demo/basics/ListBoxDemo$SelectionEventLogListener.class
de/jwic/demo/chartdb/TotalUserView.class
de/jwic/samples/controls/ComboMultiSelectDemo.class
de/jwic/demo/chart/DateTimeChartDemo.class
de/jwic/samples/filebrowser/FileBrowserControl.class
de/jwic/mobile/demos/TableDemo.class
de/jwic/demo/basics/ButtonDemo$2.class
de/jwic/demo/tbv/TableViewerDemoModule.class
de/jwic/demo/basics/ListBoxDemo$3.class
de/jwic/demo/basics/ListBoxDemo$4.class
de/jwic/mobile12/demos/AudioSelection2.class
de/jwic/demo/basics/ButtonDemo$1.class
de/jwic/demo/basics/CheckBoxGroupDemo$1.class
de/jwic/demo/tbv/BasicTBVDemo$DemoTableViewerListener.class
de/jwic/demo/chart/CircleChartDemoModule.class
de/jwic/ecolib/samples/controls/DatePickerDemo$4.class
de/jwic/demo/advanced/BlueBox.class
de/jwic/demo/tbv/FileTreeDemo$8.class
de/jwic/demo/basics/MenuDemo$1.class
de/jwic/samples/sample2/Sample2$1.class
de/jwic/demo/advanced/ColumnSelectorDemo$1.class
de/jwic/demo/tbv/FileTreeNode$1.class
de/jwic/demo/advanced/ProcessInfoDemoModule.class
de/jwic/samples/controls/ComboLifeSearchDemo.class
de/jwic/mobile/demos/ComboDemo$1.class
de/jwic/demo/container/GroupControlDemoModule.class
de/jwic/demo/basics/CheckBoxDemoModule.class
de/jwic/samples/controls/RadioGroupDemo$8.class
de/jwic/demo/tbv/slickgrid/SlickGridDemoModule.class
de/jwic/demo/tbv/TableViewerDemo$2.class
de/jwic/demo/container/WindowDemoModule.class
de/jwic/demo/pojoedit/PojoEditorDemo.class
de/jwic/samples/controls/ButtonImageDemo$1.class
de/jwic/demo/container/ScrollableContainerDemo.class
de/jwic/demo/tbv/TableViewerDemo$13.class
de/jwic/demo/container/AccordionDemo$1.class
de/jwic/samples/controls/ButtonDemo$2.class
de/jwic/demo/basics/CheckBoxGroupDemo.class
de/jwic/demo/model/ColorChanger.class
de/jwic/mobile/demos/ButtonDemo$1.class
de/jwic/ecolib/samples/controls/DatePickerDemo$7.class
de/jwic/demo/chart/OverlayChartDemo.class
de/jwic/demo/chartdb/DashboardPage.class
de/jwic/demo/tbv/slickgrid/SlickGridDemo$3.class
de/jwic/samples/filebrowser/viewer/ImagePreview.class
de/jwic/demo/tbv/TableViewerDemo$7.class
de/jwic/mobile12/MobileDemoPage.class
de/jwic/demo/basics/LabelDemo.class
de/jwic/linder01/demos/InputDemo.class
de/jwic/ecolib/samples/controls/BalloonDemo$1.class
de/jwic/linder01/demos/CheckBoxDemo$1.class
de/jwic/samples/controls/ProgressBarDemo$3.class
de/jwic/samples/sample4/TableLayoutDemo$1.class
de/jwic/demo/advanced/ProcessInfoDemo$2.class
de/jwic/demo/container/TabStripDemo$1.class
de/jwic/demo/container/ScrollableContainerDemoModule.class
de/jwic/demo/basics/FileUploadDemoModule.class
de/jwic/demo/basics/CheckBoxGroupDemoModule.class
de/jwic/demo/wizard/WizardPageConfig.class
de/jwic/mobile12/demos/FrontPage2.class
de/jwic/mobile12/BBMNTConstants.class
de/jwic/demo/basics/DatePickerDemo$4.class
de/jwic/demo/chart/ChartDemo$6.class
de/jwic/ecolib/samples/controls/CKEditorDemo$6.class
de/jwic/samples/controls/propeditor/TextEditorMapper.class
de/jwic/demo/basics/RadioGroupDemo$5.class
de/jwic/samples/controls/propeditor/TextEditor.class
de/jwic/samples/controls/InlineWindowDemo.class
de/jwic/demo/chart/util/DataModelCreator.class
de/jwic/demo/advanced/ComboDropDownDemo$2.class
de/jwic/demo/advanced/LazyTooltipDemo$DemoTooltip.class
de/jwic/demo/chartdb/ChartDashboardDemo.class
de/jwic/demo/container/StackedContainerDemo$2.class
de/jwic/samples/controls/AnchorLinkDemo.class
de/jwic/samples/sample3/CelsiusStrategy.class
de/jwic/ecolib/samples/controls/ControlDemoApplication.class
de/jwic/samples/filebrowser/ClosedListener.class
de/jwic/demo/tbv/FileTreeDemo$3.class
de/jwic/ecolib/samples/controls/CKEditorDemo$5.class
de/jwic/demo/basics/RadioGroupDemo$EventLogListener.class
de/jwic/mobile12/demos/SelectMenuDemo12.class
de/jwic/samples/controls/CheckboxGroupDemo$7.class
de/jwic/samples/sample3/TemperatureDemo.class
de/jwic/demo/container/TabStripDemo.class
de/jwic/demo/chart/AddTableElementDialog.class
de/jwic/demo/framework/AsyncRenderContainerDemo$2.class
de/jwic/samples/controls/Folder$1.class
de/jwic/demo/advanced/ComboDropDownDemo$1.class
de/jwic/demo/container/GroupControlDemo$3.class
de/jwic/linder01/demos/AudioSelection.class
de/jwic/samples/layers/OtherPage.class
de/jwic/mobile12/MobileDemoPage$1.class
de/jwic/demo/basics/InputBoxDemoModule$2.class
de/jwic/demo/basics/Calculator$1.class
de/jwic/mobile12/BBMNTProperties.class
de/jwic/samples/filebrowser/FileBrowserControl$2.class
de/jwic/mobile/demos/RadioButtonDemo.class
de/jwic/samples/controls/AnchorLinkDemo$EventLogListener.class
de/jwic/demo/chartdb/DataProvider.class
de/jwic/demo/chart/TableElement.class
de/jwic/demo/chart/AddTableElementDialog$2.class
de/jwic/demo/wizard/WizardBasicsPage.class
de/jwic/samples/controls/CheckboxGroupDemo.class
de/jwic/demo/advanced/ColumnSelectorDemoModule.class
de/jwic/samples/controls/CheckboxGroupDemo$3.class
de/jwic/demo/tbv/BasicTBVDemo$6.class
de/jwic/demo/tbv/slickgrid/CostData.class
de/jwic/demo/advanced/DemoBackgroundProcess.class
de/jwic/demo/tbv/DemoTaskContentProvider.class
de/jwic/linder01/demos/tbv/DemoTask.class
de/jwic/demo/wizard/WizardDemoControl.class
de/jwic/demo/container/StackedContainerDemoModule.class
de/jwic/demo/model/ColorVisualizer.class
de/jwic/samples/filebrowser/FileBrowserControl$1.class
de/jwic/samples/controls/propeditor/PropertyEditorView$PropInfo.class
de/jwic/mobile/demos/CheckBoxDemo$1.class
de/jwic/demo/advanced/CKEditorDemo$4.class
de/jwic/samples/filebrowser/FileTreeNode$ItEnum.class
de/jwic/samples/filebrowser/FileBrowserControl$FileSelectionController.class
de/jwic/demo/tbv/LabelProvider.class
de/jwic/demo/advanced/CKEditorDemo$5.class
de/jwic/samples/controls/ButtonDemo$3.class
de/jwic/samples/controls/ButtonDemo.class
de/jwic/demo/basics/MenuDemo.class
de/jwic/samples/controls/RadioButtonDemo$1.class
de/jwic/samples/controls/AnchorLinkDemo$1.class
de/jwic/samples/controls/ListBoxDemo$EventLogListener.class
de/jwic/demo/advanced/ErrorWarningDemo$2.class
de/jwic/ecolib/samples/controls/ColumnSelectorDemo$1.class
de/jwic/samples/controls/RadioGroupDemo$10.class
de/jwic/samples/controls/NumericInputControlDemo$2.class
de/jwic/ecolib/samples/controls/ColumnSelectorResult.class
de/jwic/samples/controls/ListBoxDemo$4.class
de/jwic/samples/controls/GroupControlDemo$3.class
de/jwic/demo/DemoHost.class
de/jwic/demo/basics/RadioGroupDemo$9.class
de/jwic/mobile12/demos/MobileAudioRND.class
de/jwic/samples/controls/PartObjectContentProvider.class
de/jwic/demo/model/ColorVisualizer$1.class
de/jwic/demo/chartdb/MonthUserTypeView.class
de/jwic/samples/filebrowser/FileListControl$FileComparator.class
de/jwic/mobile/MobileDemoApplication.class
de/jwic/demo/tbv/FileTreeDemo$7.class
de/jwic/demo/model/ColorDemoContainer.class
de/jwic/samples/controls/GroupControlDemo$2.class
de/jwic/demo/tbv/BasicTBVDemo$2.class
de/jwic/samples/controls/InputBoxDemo$EventLogListener.class
de/jwic/demo/basics/CheckBoxDemo$1.class
de/jwic/demo/advanced/ProcessInfoDemo.class
de/jwic/samples/controls/CheckboxGroupDemo$2.class
de/jwic/samples/controls/RadioGroupDemo$3.class
de/jwic/demo/wizard/WizardGeneratorWizard.class
de/jwic/demo/advanced/ErrorWarningDemo$3.class
de/jwic/demo/tbv/FileTreeDemo$9.class
de/jwic/demo/tbv/BasicTBVDemo$1.class
de/jwic/samples/filebrowser/FileInfoControl.class
de/jwic/ecolib/samples/controls/ChartDemo.class
de/jwic/samples/controls/RadioGroupDemo$4.class
de/jwic/samples/controls/AnchorLinkDemo$2.class
de/jwic/mobile/MobileDemoPage.class
de/jwic/samples/controls/GroupControlDemo$1.class
de/jwic/demo/chart/LabelProvider.class
de/jwic/samples/controls/ButtonImageControl.class
de/jwic/samples/controls/ComboLifeSearchDemo$1.class
de/jwic/demo/framework/AsyncRenderContainerDemo$1.class
de/jwic/ecolib/samples/controls/ControlDemoApplication$1.class
de/jwic/demo/DemoModule.class
de/jwic/demo/tbv/TableViewerDemo$12.class
de/jwic/samples/controls/ButtonDemo$1.class
de/jwic/demo/basics/RadioGroupDemo.class
de/jwic/demo/chart/ChartDemo$5.class
de/jwic/demo/container/TabStripDemo$2.class
de/jwic/mobile12/demos/MobileAudioRND$1.class
de/jwic/samples/controls/ProgressBarDemo$2.class
de/jwic/samples/controls/RadioGroupDemo$7.class
de/jwic/demo/wizard/GeneratedFile.class
de/jwic/samples/controls/RadioGroupDemo.class
de/jwic/samples/controls/AsyncRenderContainerDemo$1.class
de/jwic/samples/controls/AsyncRenderContainerDemo.class
de/jwic/demo/tbv/TableViewerDemo$1.class
de/jwic/samples/controls/ListBoxDemo$1.class
de/jwic/demo/tbv/AddDemoTaskDialog$2.class
de/jwic/demo/basics/DatePickerDemo$7.class
de/jwic/demo/chartdb/DashboardModel.class
de/jwic/demo/pojoedit/MyPojo$Status.class
de/jwic/demo/tbv/TableViewerDemo$8.class
de/jwic/demo/model/ColorModel.class
de/jwic/samples/filebrowser/FileBrowserDemo.class
de/jwic/samples/controls/TreeDemo$1.class
de/jwic/samples/controls/WindowDemo$1.class
de/jwic/ecolib/samples/controls/CKEditorDemo$2.class
de/jwic/samples/controls/CheckboxGroupDemo$4.class
de/jwic/demo/wizard/PageConfigurationPage$1.class
de/jwic/samples/filebrowser/PathInfoControl.class
de/jwic/demo/tbv/BasicTBVDemo.class
de/jwic/mobile/MobileDemoModule.class
de/jwic/samples/controls/TabStripDemo.class
de/jwic/demo/wizard/PageConfigListControl.class
de/jwic/demo/tbv/DemoTask.class
de/jwic/demo/basics/DatePickerDemo$2.class
de/jwic/samples/filebrowser/FileTreeView.class
de/jwic/samples/controls/SysInfoDemo$1.class
de/jwic/demo/model/ColorChanger$1.class
de/jwic/demo/wizard/WizardDemo.class
de/jwic/demo/chart/ChartDemo.class
de/jwic/mobile12/demos/audio/AC2.class
de/jwic/demo/chart/ChartDemo$7.class
de/jwic/demo/basics/RadioGroupDemo$6.class
de/jwic/demo/advanced/CKEditorDemo$3.class
de/jwic/samples/controls/SysInfoDemo.class
de/jwic/samples/filebrowser/FileBrowserControl$3.class
de/jwic/demo/chart/AddTableElementDialog$1.class
de/jwic/ecolib/samples/controls/FormDemo$1.class
de/jwic/ecolib/samples/controls/CKEditorDemo$7.class
de/jwic/demo/model/ColorModel$1.class
de/jwic/samples/controls/JavaScriptDemoControl.class
de/jwic/samples/controls/CheckboxGroupDemo$9.class
de/jwic/demo/chart/BarChartDemoModule.class
de/jwic/samples/controls/RadioGroupDemo$9.class
de/jwic/demo/DemoHost$1.class
de/jwic/samples/filebrowser/FileInfoControl$1.class
de/jwic/demo/model/ColorDemoContainer$1.class
de/jwic/ecolib/samples/controls/CKEditorDemo$4.class
de/jwic/samples/controls/CheckboxGroupDemo$EventLogListener.class
de/jwic/samples/controls/CheckboxGroupDemo$6.class
de/jwic/samples/controls/ControlDemoApplication$1.class
de/jwic/mobile12/demos/audio/VideoController.class
de/jwic/samples/controls/ProgressBarDemo$4.class
de/jwic/samples/sample3/ValueStrategy.class
de/jwic/samples/controls/propeditor/AbstractPropertyMapper.class
de/jwic/samples/controls/ButtonImageDemo$2.class
de/jwic/demo/advanced/ComboDropDownDemoModule.class
de/jwic/ecolib/samples/controls/DatePickerDemo.class
de/jwic/demo/basics/RadioGroupDemo$4.class
de/jwic/samples/filebrowser/FileTreeView$1.class
de/jwic/demo/basics/DatePickerDemo$5.class
de/jwic/linder01/MobileDemoModule.class
de/jwic/demo/advanced/CKEditorDemo$1.class
de/jwic/demo/container/ScrollableContainerDemo$2.class
de/jwic/samples/controls/propeditor/PropertyEditorView.class
de/jwic/demo/framework/BlockOnWaitDemo.class
de/jwic/mobile/demos/ButtonDemo.class
de/jwic/demo/chart/OverlayChartDemoModule.class
de/jwic/demo/advanced/LazyTooltipDemoModule.class
de/jwic/demo/basics/ButtonDemoModule.class
de/jwic/demo/advanced/LazyTooltipDemo$2.class
de/jwic/samples/filebrowser/FileListControl$1.class
de/jwic/demo/container/WindowDemo$2.class
de/jwic/samples/controls/CheckboxGroupDemo$8.class
de/jwic/demo/container/ScrollableContainerDemo$1.class
de/jwic/demo/tbv/TableViewerDemo$15.class
de/jwic/demo/chart/RadarChartDemo.class
de/jwic/samples/controls/PleaseWaitDemo$1.class
de/jwic/demo/advanced/LazyTooltipDemo.class
de/jwic/demo/advanced/ErrorWariningDemoModule.class
de/jwic/demo/tbv/TableViewerDemo$5.class
de/jwic/samples/controls/SysInfoDemo$2.class
de/jwic/mobile/demos/SelectBoxDemo.class
de/jwic/samples/layers/TestPage$2.class
de/jwic/samples/controls/LabelDemo$2.class
de/jwic/demo/tbv/TableViewerDemo.class
de/jwic/mobile12/demos/EchoLabel.class
de/jwic/demo/basics/RadioGroupDemo$2.class
de/jwic/demo/basics/DatePickerDemo$3.class
de/jwic/mobile12/demos/audio/AC3.class
de/jwic/samples/controls/LabelDemo$1.class
de/jwic/demo/container/AccordionDemo.class
de/jwic/demo/basics/LabelDemo$2.class
de/jwic/demo/basics/RadioGroupDemo$1.class
de/jwic/demo/container/TabStripDemo$4.class
de/jwic/demo/chart/ChartDemo$2.class
de/jwic/samples/controls/PleaseWaitDemo$6.class
de/jwic/demo/basics/LabelDemoModule.class
de/jwic/demo/pojoedit/MyPojoEditor$1.class
de/jwic/demo/basics/LabelDemo$1.class
de/jwic/demo/ImageLibrary.class
de/jwic/demo/framework/SlowRenderingControl.class
de/jwic/demo/tbv/TableViewerDemo$14.class
de/jwic/demo/container/GroupControlDemo.class
de/jwic/samples/sample3/TemperatureGUI$DecreaseController.class
de/jwic/demo/chart/ChartDemo$3.class
de/jwic/samples/controls/SingleCheckBoxDemo$1.class
de/jwic/samples/layers/TestPage$1.class
de/jwic/demo/tbv/TableViewerDemo$11.class
de/jwic/ecolib/samples/controls/CKEditorDemo$1.class
de/jwic/samples/controls/propeditor/PropertyEditorView$3.class
de/jwic/demo/tbv/TableViewerDemo$6.class
de/jwic/samples/controls/PleaseWaitDemo$5.class
de/jwic/demo/chart/ChartDemo$1.class
de/jwic/mobile/demos/FlipSwitchDemo$1.class
de/jwic/demo/tbv/TableViewerDemo$3.class
de/jwic/demo/tbv/AddDemoTaskDialog$1.class
de/jwic/demo/chart/CircleChartDemo.class
de/jwic/samples/sample2/Sample2$2.class
de/jwic/demo/container/WindowDemo$3.class
de/jwic/demo/tbv/FileTreeDemo.class
de/jwic/demo/chartdb/GlobalFilters.class
de/jwic/samples/controls/PleaseWaitDemo$2.class
de/jwic/samples/filebrowser/FileListControl.class
de/jwic/mobile/demos/ComboDemo.class
de/jwic/ecolib/samples/controls/ColumnSelectorDemo.class
de/jwic/samples/controls/CheckboxGroupDemo$10.class
de/jwic/demo/chartdb/UserTypeView.class
de/jwic/mobile/demos/FlipSwitchDemo$2.class
de/jwic/demo/DemoPage.class
de/jwic/demo/pojoedit/MyPojoEditor.class
de/jwic/demo/container/WindowDemo$1.class
de/jwic/samples/controls/SingleCheckBoxDemo.class
de/jwic/mobile/demos/InputDemo$1.class
de/jwic/samples/controls/RadioGroupDemo$EventLogListener.class
de/jwic/demo/tbv/TableViewerDemo$DemoTableViewerListener.class
de/jwic/demo/tbv/TableViewerDemo$10.class
de/jwic/samples/controls/PleaseWaitDemo$3.class
de/jwic/demo/basics/ListBoxDemo$EventLogListener.class
de/jwic/linder01/demos/CheckBoxDemo.class
de/jwic/samples/sample3/FarenheitStrategy.class
de/jwic/samples/controls/propeditor/PropertyEditorView$2.class
de/jwic/linder01/demos/EchoLabel.class
de/jwic/samples/controls/PleaseWaitDemo$4.class
de/jwic/demo/advanced/LazyTooltipDemo$1.class
de/jwic/samples/filebrowser/FileTreeNode.class
de/jwic/demo/basics/ToolBarDemoModule.class
de/jwic/samples/controls/ComboLifeSearchDemo$2.class
de/jwic/demo/tbv/TableViewerDemo$4.class
