/home/u2/dev/git-bbmnt/bbmnt01/jWic/de.jwic.samples/src/de/jwic/demo/framework/BlockOnWait.java
/home/u2/dev/git-bbmnt/bbmnt01/jWic/de.jwic.samples/src/de/jwic/mobile11/demos/audio/VideoController.java
/home/u2/dev/git-bbmnt/bbmnt01/jWic/de.jwic.samples/src/de/jwic/demo/DemoModel.java
/home/u2/dev/git-bbmnt/bbmnt01/jWic/de.jwic.samples/src/de/jwic/samples/controls/propeditor/InputBoxControlMapper.java
/home/u2/dev/git-bbmnt/bbmnt01/jWic/de.jwic.samples/src/de/jwic/mobile09/demos/EchoLabel.java
/home/u2/dev/git-bbmnt/bbmnt01/jWic/de.jwic.samples/src/de/jwic/mobile05/demos/AudioSelection.java
/home/u2/dev/git-bbmnt/bbmnt01/jWic/de.jwic.samples/src/de/jwic/mobile03/demos/tbv/CellLabel.java
/home/u2/dev/git-bbmnt/bbmnt01/jWic/de.jwic.samples/src/de/jwic/mobile03/MobileDemoPage.java
/home/u2/dev/git-bbmnt/bbmnt01/jWic/de.jwic.samples/src/de/jwic/demo/basics/DatePickerDemoModule.java
/home/u2/dev/git-bbmnt/bbmnt01/jWic/de.jwic.samples/src/de/jwic/samples/layers/OtherPage.java
/home/u2/dev/git-bbmnt/bbmnt01/jWic/de.jwic.samples/src/de/jwic/mobile02/demos/RadioButtonDemo.java
/home/u2/dev/git-bbmnt/bbmnt01/jWic/de.jwic.samples/src/de/jwic/mobile11/demos/audio/Player.java
/home/u2/dev/git-bbmnt/bbmnt01/jWic/de.jwic.samples/src/de/jwic/mobile/demos/TableDemo.java
/home/u2/dev/git-bbmnt/bbmnt01/jWic/de.jwic.samples/src/de/jwic/demo/model/ColorVisualizer.java
/home/u2/dev/git-bbmnt/bbmnt01/jWic/de.jwic.samples/src/de/jwic/demo/model/ColorDemo.java
/home/u2/dev/git-bbmnt/bbmnt01/jWic/de.jwic.samples/src/de/jwic/samples/controls/ControlDemoApplication.java
/home/u2/dev/git-bbmnt/bbmnt01/jWic/de.jwic.samples/src/de/jwic/mobile06/demos/CheckBoxDemo.java
/home/u2/dev/git-bbmnt/bbmnt01/jWic/de.jwic.samples/src/de/jwic/samples/layers/TestPage.java
/home/u2/dev/git-bbmnt/bbmnt01/jWic/de.jwic.samples/src/de/jwic/mobile12/demos/AudioDevPage.java
/home/u2/dev/git-bbmnt/bbmnt01/jWic/de.jwic.samples/src/de/jwic/linder01/demos/SelectMenuDemo06.java
/home/u2/dev/git-bbmnt/bbmnt01/jWic/de.jwic.samples/src/de/jwic/mobile09/demos/InputDemo.java
/home/u2/dev/git-bbmnt/bbmnt01/jWic/de.jwic.samples/src/de/jwic/demo/tbv/TableViewerDemo.java
/home/u2/dev/git-bbmnt/bbmnt01/jWic/de.jwic.samples/src/de/jwic/mobile11/demos/audio/PlayPause.java
/home/u2/dev/git-bbmnt/bbmnt01/jWic/de.jwic.samples/src/de/jwic/mobile12/demos/audio/AC2.java
/home/u2/dev/git-bbmnt/bbmnt01/jWic/de.jwic.samples/src/de/jwic/demo/wizard/WizardBasicsPage.java
/home/u2/dev/git-bbmnt/bbmnt01/jWic/de.jwic.samples/src/de/jwic/mobile/demos/RadioButtonDemo.java
/home/u2/dev/git-bbmnt/bbmnt01/jWic/de.jwic.samples/src/de/jwic/demo/container/StackedContainerDemo.java
/home/u2/dev/git-bbmnt/bbmnt01/jWic/de.jwic.samples/src/de/jwic/samples/controls/LabelDemo.java
/home/u2/dev/git-bbmnt/bbmnt01/jWic/de.jwic.samples/src/de/jwic/demo/tbv/FileTreeDemoModule.java
/home/u2/dev/git-bbmnt/bbmnt01/jWic/de.jwic.samples/src/de/jwic/linder01/demos/AudioButton.java
/home/u2/dev/git-bbmnt/bbmnt01/jWic/de.jwic.samples/src/de/jwic/demo/basics/FileUploadDemo.java
/home/u2/dev/git-bbmnt/bbmnt01/jWic/de.jwic.samples/src/de/jwic/mobile10/demos/audio/AudioController.java
/home/u2/dev/git-bbmnt/bbmnt01/jWic/de.jwic.samples/src/de/jwic/demo/chart/TableElementContentProvider.java
/home/u2/dev/git-bbmnt/bbmnt01/jWic/de.jwic.samples/src/de/jwic/demo/chart/DateTimeChartDemo.java
/home/u2/dev/git-bbmnt/bbmnt01/jWic/de.jwic.samples/src/de/jwic/demo/advanced/BlueBox.java
/home/u2/dev/git-bbmnt/bbmnt01/jWic/de.jwic.samples/src/de/jwic/mobile02/MobileDemoPage.java
/home/u2/dev/git-bbmnt/bbmnt01/jWic/de.jwic.samples/src/de/jwic/demo/advanced/PartObjectContentProvider.java
/home/u2/dev/git-bbmnt/bbmnt01/jWic/de.jwic.samples/src/de/jwic/mobile/demos/FlipSwitchDemo.java
/home/u2/dev/git-bbmnt/bbmnt01/jWic/de.jwic.samples/src/de/jwic/demo/chart/BarChartDemo.java
/home/u2/dev/git-bbmnt/bbmnt01/jWic/de.jwic.samples/src/de/jwic/demo/chart/LineChartDemoModule.java
/home/u2/dev/git-bbmnt/bbmnt01/jWic/de.jwic.samples/src/de/jwic/mobile03/demos/SelectMenuDemo03.java
/home/u2/dev/git-bbmnt/bbmnt01/jWic/de.jwic.samples/src/de/jwic/samples/controls/RadioDemo.java
/home/u2/dev/git-bbmnt/bbmnt01/jWic/de.jwic.samples/src/de/jwic/samples/sample3/ValueStrategy.java
/home/u2/dev/git-bbmnt/bbmnt01/jWic/de.jwic.samples/src/de/jwic/samples/sample3/TemperatureModel.java
/home/u2/dev/git-bbmnt/bbmnt01/jWic/de.jwic.samples/src/de/jwic/mobile05/demos/IndexAction.java
/home/u2/dev/git-bbmnt/bbmnt01/jWic/de.jwic.samples/src/de/jwic/mobile03/demos/tbv/ITableRenderer.java
/home/u2/dev/git-bbmnt/bbmnt01/jWic/de.jwic.samples/src/de/jwic/demo/basics/LabelDemoModule.java
/home/u2/dev/git-bbmnt/bbmnt01/jWic/de.jwic.samples/src/de/jwic/samples/controls/ComboLifeSearchDemo.java
/home/u2/dev/git-bbmnt/bbmnt01/jWic/de.jwic.samples/src/de/jwic/linder01/demos/IAction2.java
/home/u2/dev/git-bbmnt/bbmnt01/jWic/de.jwic.samples/src/de/jwic/samples/layers/TestApplication.java
/home/u2/dev/git-bbmnt/bbmnt01/jWic/de.jwic.samples/src/de/jwic/mobile10/demos/SelectMenuDemo10.java
/home/u2/dev/git-bbmnt/bbmnt01/jWic/de.jwic.samples/src/de/jwic/demo/advanced/ComboLifeSearchDemoModule.java
/home/u2/dev/git-bbmnt/bbmnt01/jWic/de.jwic.samples/src/de/jwic/samples/controls/ComboDropDownDemo.java
/home/u2/dev/git-bbmnt/bbmnt01/jWic/de.jwic.samples/src/de/jwic/mobile11/MobileDemoApplication.java
/home/u2/dev/git-bbmnt/bbmnt01/jWic/de.jwic.samples/src/de/jwic/demo/advanced/CKEditorDemo.java
/home/u2/dev/git-bbmnt/bbmnt01/jWic/de.jwic.samples/src/de/jwic/samples/controls/AsyncRenderContainerDemo.java
/home/u2/dev/git-bbmnt/bbmnt01/jWic/de.jwic.samples/src/de/jwic/demo/chartdb/ChartDashboardDemo.java
/home/u2/dev/git-bbmnt/bbmnt01/jWic/de.jwic.samples/src/de/jwic/demo/chartdb/UserTypeView.java
/home/u2/dev/git-bbmnt/bbmnt01/jWic/de.jwic.samples/src/de/jwic/demo/advanced/ColumnSelectorDemoModule.java
/home/u2/dev/git-bbmnt/bbmnt01/jWic/de.jwic.samples/src/de/jwic/linder01/MobileDemoPage.java
/home/u2/dev/git-bbmnt/bbmnt01/jWic/de.jwic.samples/src/de/jwic/samples/controls/JavaScriptDemo.java
/home/u2/dev/git-bbmnt/bbmnt01/jWic/de.jwic.samples/src/de/jwic/mobile/demos/ComboDemo.java
/home/u2/dev/git-bbmnt/bbmnt01/jWic/de.jwic.samples/src/de/jwic/mobile09/demos/AudioSelection.java
/home/u2/dev/git-bbmnt/bbmnt01/jWic/de.jwic.samples/src/de/jwic/demo/chartdb/GlobalFilters.java
/home/u2/dev/git-bbmnt/bbmnt01/jWic/de.jwic.samples/src/de/jwic/demo/wizard/WizardGeneratorModel.java
/home/u2/dev/git-bbmnt/bbmnt01/jWic/de.jwic.samples/src/de/jwic/demo/basics/CheckBoxDemo.java
/home/u2/dev/git-bbmnt/bbmnt01/jWic/de.jwic.samples/src/de/jwic/mobile02/demos/DatePickerDemo.java
/home/u2/dev/git-bbmnt/bbmnt01/jWic/de.jwic.samples/src/de/jwic/mobile10/MobileDemoApplication.java
/home/u2/dev/git-bbmnt/bbmnt01/jWic/de.jwic.samples/src/de/jwic/mobile/MobileDemoApplication.java
/home/u2/dev/git-bbmnt/bbmnt01/jWic/de.jwic.samples/src/de/jwic/mobile03/demos/tbv/DemoTask.java
/home/u2/dev/git-bbmnt/bbmnt01/jWic/de.jwic.samples/src/de/jwic/demo/wizard/GeneratedFile.java
/home/u2/dev/git-bbmnt/bbmnt01/jWic/de.jwic.samples/src/de/jwic/samples/controls/PleaseWaitDemo.java
/home/u2/dev/git-bbmnt/bbmnt01/jWic/de.jwic.samples/src/de/jwic/mobile02/demos/TableDemo.java
/home/u2/dev/git-bbmnt/bbmnt01/jWic/de.jwic.samples/src/de/jwic/mobile02/demos/SelectMenuDemo02.java
/home/u2/dev/git-bbmnt/bbmnt01/jWic/de.jwic.samples/src/de/jwic/mobile06/demos/AudioButton.java
/home/u2/dev/git-bbmnt/bbmnt01/jWic/de.jwic.samples/src/de/jwic/samples/controls/propeditor/IPropertyMapper.java
/home/u2/dev/git-bbmnt/bbmnt01/jWic/de.jwic.samples/src/de/jwic/mobile11/demos/InputDemo.java
/home/u2/dev/git-bbmnt/bbmnt01/jWic/de.jwic.samples/src/de/jwic/demo/tbv/BasicTBVDemo.java
/home/u2/dev/git-bbmnt/bbmnt01/jWic/de.jwic.samples/src/de/jwic/mobile04/demos/InputDemo.java
/home/u2/dev/git-bbmnt/bbmnt01/jWic/de.jwic.samples/src/de/jwic/demo/wizard/WizardGeneratorWizard.java
/home/u2/dev/git-bbmnt/bbmnt01/jWic/de.jwic.samples/src/de/jwic/samples/sample3/FarenheitStrategy.java
/home/u2/dev/git-bbmnt/bbmnt01/jWic/de.jwic.samples/src/de/jwic/samples/controls/InputBoxDemo.java
/home/u2/dev/git-bbmnt/bbmnt01/jWic/de.jwic.samples/src/de/jwic/ecolib/samples/controls/ColumnSelectorResult.java
/home/u2/dev/git-bbmnt/bbmnt01/jWic/de.jwic.samples/src/de/jwic/mobile10/demos/AudioButton.java
/home/u2/dev/git-bbmnt/bbmnt01/jWic/de.jwic.samples/src/de/jwic/samples/controls/NumericInputControlDemo.java
/home/u2/dev/git-bbmnt/bbmnt01/jWic/de.jwic.samples/src/de/jwic/mobile12/demos/InputDemo.java
/home/u2/dev/git-bbmnt/bbmnt01/jWic/de.jwic.samples/src/de/jwic/linder01/demos/CheckBoxDemo.java
/home/u2/dev/git-bbmnt/bbmnt01/jWic/de.jwic.samples/src/de/jwic/mobile04/demos/CheckBoxDemo.java
/home/u2/dev/git-bbmnt/bbmnt01/jWic/de.jwic.samples/src/de/jwic/samples/filebrowser/FileListView.java
/home/u2/dev/git-bbmnt/bbmnt01/jWic/de.jwic.samples/src/de/jwic/mobile05/MobileDemoModule.java
/home/u2/dev/git-bbmnt/bbmnt01/jWic/de.jwic.samples/src/de/jwic/mobile03/demos/tbv/TableModelEvent.java
/home/u2/dev/git-bbmnt/bbmnt01/jWic/de.jwic.samples/src/de/jwic/mobile11/demos/audio/MediaPlayCounter.java
/home/u2/dev/git-bbmnt/bbmnt01/jWic/de.jwic.samples/src/de/jwic/mobile03/demos/tbv/LabelProvider.java
/home/u2/dev/git-bbmnt/bbmnt01/jWic/de.jwic.samples/src/de/jwic/demo/tbv/LabelProvider.java
/home/u2/dev/git-bbmnt/bbmnt01/jWic/de.jwic.samples/src/de/jwic/demo/basics/LabelDemo.java
/home/u2/dev/git-bbmnt/bbmnt01/jWic/de.jwic.samples/src/de/jwic/mobile11/demos/EchoWindow.java
/home/u2/dev/git-bbmnt/bbmnt01/jWic/de.jwic.samples/src/de/jwic/mobile06/demos/SelectMenuDemo06.java
/home/u2/dev/git-bbmnt/bbmnt01/jWic/de.jwic.samples/src/de/jwic/linder01/demos/AudioSelection.java
/home/u2/dev/git-bbmnt/bbmnt01/jWic/de.jwic.samples/src/de/jwic/mobile09/demos/CheckBoxDemo.java
/home/u2/dev/git-bbmnt/bbmnt01/jWic/de.jwic.samples/src/de/jwic/mobile04/demos/FlipSwitchDemo.java
/home/u2/dev/git-bbmnt/bbmnt01/jWic/de.jwic.samples/src/de/jwic/demo/basics/MenuDemoModule.java
/home/u2/dev/git-bbmnt/bbmnt01/jWic/de.jwic.samples/src/de/jwic/mobile03/MobileDemoModule.java
/home/u2/dev/git-bbmnt/bbmnt01/jWic/de.jwic.samples/src/de/jwic/ecolib/samples/controls/ControlDemoApplication.java
/home/u2/dev/git-bbmnt/bbmnt01/jWic/de.jwic.samples/src/de/jwic/mobile12/demos/AudioSelection2.java
/home/u2/dev/git-bbmnt/bbmnt01/jWic/de.jwic.samples/src/de/jwic/samples/sample3/CelsiusStrategy.java
/home/u2/dev/git-bbmnt/bbmnt01/jWic/de.jwic.samples/src/de/jwic/mobile02/demos/ComboDemo.java
/home/u2/dev/git-bbmnt/bbmnt01/jWic/de.jwic.samples/src/de/jwic/demo/tbv/slickgrid/SlickGridDemo.java
/home/u2/dev/git-bbmnt/bbmnt01/jWic/de.jwic.samples/src/de/jwic/mobile/demos/SelectBoxDemo.java
/home/u2/dev/git-bbmnt/bbmnt01/jWic/de.jwic.samples/src/de/jwic/samples/controls/propeditor/AbstractPropertyMapper.java
/home/u2/dev/git-bbmnt/bbmnt01/jWic/de.jwic.samples/src/de/jwic/samples/filebrowser/FileListControl.java
/home/u2/dev/git-bbmnt/bbmnt01/jWic/de.jwic.samples/src/de/jwic/samples/filebrowser/viewer/XWicPreview.java
/home/u2/dev/git-bbmnt/bbmnt01/jWic/de.jwic.samples/src/de/jwic/mobile/demos/SelectMenuDemo.java
/home/u2/dev/git-bbmnt/bbmnt01/jWic/de.jwic.samples/src/de/jwic/mobile/demos/InputDemo.java
/home/u2/dev/git-bbmnt/bbmnt01/jWic/de.jwic.samples/src/de/jwic/mobile04/demos/SelectMenuDemo04.java
/home/u2/dev/git-bbmnt/bbmnt01/jWic/de.jwic.samples/src/de/jwic/mobile05/demos/EchoTable.java
/home/u2/dev/git-bbmnt/bbmnt01/jWic/de.jwic.samples/src/de/jwic/mobile12/demos/FrontPage2.java
/home/u2/dev/git-bbmnt/bbmnt01/jWic/de.jwic.samples/src/de/jwic/mobile12/demos/EchoLabel.java
/home/u2/dev/git-bbmnt/bbmnt01/jWic/de.jwic.samples/src/de/jwic/samples/controls/propeditor/TextEditorMapper.java
/home/u2/dev/git-bbmnt/bbmnt01/jWic/de.jwic.samples/src/de/jwic/mobile09/MobileDemoApplication.java
/home/u2/dev/git-bbmnt/bbmnt01/jWic/de.jwic.samples/src/de/jwic/mobile02/demos/ButtonDemo.java
/home/u2/dev/git-bbmnt/bbmnt01/jWic/de.jwic.samples/src/de/jwic/ecolib/samples/controls/TestAction.java
/home/u2/dev/git-bbmnt/bbmnt01/jWic/de.jwic.samples/src/de/jwic/demo/chart/LineChartDemo.java
/home/u2/dev/git-bbmnt/bbmnt01/jWic/de.jwic.samples/src/de/jwic/demo/advanced/DemoBackgroundProcess.java
/home/u2/dev/git-bbmnt/bbmnt01/jWic/de.jwic.samples/src/de/jwic/demo/basics/ButtonDemoModule.java
/home/u2/dev/git-bbmnt/bbmnt01/jWic/de.jwic.samples/src/de/jwic/samples/controls/InlineWindowDemo.java
/home/u2/dev/git-bbmnt/bbmnt01/jWic/de.jwic.samples/src/de/jwic/demo/chart/CircleChartDemo.java
/home/u2/dev/git-bbmnt/bbmnt01/jWic/de.jwic.samples/src/de/jwic/demo/container/TabStripDemo.java
/home/u2/dev/git-bbmnt/bbmnt01/jWic/de.jwic.samples/src/de/jwic/demo/framework/BlockOnWaitDemo.java
/home/u2/dev/git-bbmnt/bbmnt01/jWic/de.jwic.samples/src/de/jwic/mobile/demos/ButtonDemo.java
/home/u2/dev/git-bbmnt/bbmnt01/jWic/de.jwic.samples/src/de/jwic/demo/DemoSelector.java
/home/u2/dev/git-bbmnt/bbmnt01/jWic/de.jwic.samples/src/de/jwic/mobile12/demos/AudioButton.java
/home/u2/dev/git-bbmnt/bbmnt01/jWic/de.jwic.samples/src/de/jwic/demo/tbv/DemoTask.java
/home/u2/dev/git-bbmnt/bbmnt01/jWic/de.jwic.samples/src/de/jwic/mobile03/demos/tbv/TableModel.java
/home/u2/dev/git-bbmnt/bbmnt01/jWic/de.jwic.samples/src/de/jwic/linder01/demos/EchoWindow.java
/home/u2/dev/git-bbmnt/bbmnt01/jWic/de.jwic.samples/src/de/jwic/mobile09/MobileDemoModule.java
/home/u2/dev/git-bbmnt/bbmnt01/jWic/de.jwic.samples/src/de/jwic/mobile05/demos/tbv/DemoTask.java
/home/u2/dev/git-bbmnt/bbmnt01/jWic/de.jwic.samples/src/de/jwic/mobile03/demos/EchoTable.java
/home/u2/dev/git-bbmnt/bbmnt01/jWic/de.jwic.samples/src/de/jwic/demo/advanced/ComboDropDownDemoModule.java
/home/u2/dev/git-bbmnt/bbmnt01/jWic/de.jwic.samples/src/de/jwic/ecolib/samples/controls/CKEditorDemo.java
/home/u2/dev/git-bbmnt/bbmnt01/jWic/de.jwic.samples/src/de/jwic/demo/chart/BarChartDemoModule.java
/home/u2/dev/git-bbmnt/bbmnt01/jWic/de.jwic.samples/src/de/jwic/mobile09/demos/IndexAction.java
/home/u2/dev/git-bbmnt/bbmnt01/jWic/de.jwic.samples/src/de/jwic/demo/tbv/AddDemoTaskDialog.java
/home/u2/dev/git-bbmnt/bbmnt01/jWic/de.jwic.samples/src/de/jwic/demo/basics/MenuDemo.java
/home/u2/dev/git-bbmnt/bbmnt01/jWic/de.jwic.samples/src/de/jwic/samples/controls/propeditor/PropertyEditorView.java
/home/u2/dev/git-bbmnt/bbmnt01/jWic/de.jwic.samples/src/de/jwic/ecolib/samples/controls/FormDemo.java
/home/u2/dev/git-bbmnt/bbmnt01/jWic/de.jwic.samples/src/de/jwic/mobile05/MobileDemoPage.java
/home/u2/dev/git-bbmnt/bbmnt01/jWic/de.jwic.samples/src/de/jwic/samples/controls/RadioButtonDemo.java
/home/u2/dev/git-bbmnt/bbmnt01/jWic/de.jwic.samples/src/de/jwic/mobile12/MobileDemoModule.java
/home/u2/dev/git-bbmnt/bbmnt01/jWic/de.jwic.samples/src/de/jwic/demo/ImageLibrary.java
/home/u2/dev/git-bbmnt/bbmnt01/jWic/de.jwic.samples/src/de/jwic/mobile04/demos/EchoTable.java
/home/u2/dev/git-bbmnt/bbmnt01/jWic/de.jwic.samples/src/de/jwic/demo/chart/DateTimeChartDemoModule.java
/home/u2/dev/git-bbmnt/bbmnt01/jWic/de.jwic.samples/src/de/jwic/samples/sample3/TemperatureGUI.java
/home/u2/dev/git-bbmnt/bbmnt01/jWic/de.jwic.samples/src/de/jwic/demo/container/StackedContainerDemoModule.java
/home/u2/dev/git-bbmnt/bbmnt01/jWic/de.jwic.samples/src/de/jwic/mobile11/demos/EchoLabel.java
/home/u2/dev/git-bbmnt/bbmnt01/jWic/de.jwic.samples/src/de/jwic/samples/controls/PartObject.java
/home/u2/dev/git-bbmnt/bbmnt01/jWic/de.jwic.samples/src/de/jwic/samples/controls/ComboMultiSelectDemo.java
/home/u2/dev/git-bbmnt/bbmnt01/jWic/de.jwic.samples/src/de/jwic/demo/basics/RadioGroupDemoModule.java
/home/u2/dev/git-bbmnt/bbmnt01/jWic/de.jwic.samples/src/de/jwic/mobile02/demos/CheckBoxDemo.java
/home/u2/dev/git-bbmnt/bbmnt01/jWic/de.jwic.samples/src/de/jwic/demo/chartdb/ReportView.java
/home/u2/dev/git-bbmnt/bbmnt01/jWic/de.jwic.samples/src/de/jwic/demo/tbv/slickgrid/CostData.java
/home/u2/dev/git-bbmnt/bbmnt01/jWic/de.jwic.samples/src/de/jwic/mobile12/MobileDemoPage.java
/home/u2/dev/git-bbmnt/bbmnt01/jWic/de.jwic.samples/src/de/jwic/samples/controls/AnchorLinkDemo.java
/home/u2/dev/git-bbmnt/bbmnt01/jWic/de.jwic.samples/src/de/jwic/mobile02/demos/SelectMenuDemo.java
/home/u2/dev/git-bbmnt/bbmnt01/jWic/de.jwic.samples/src/de/jwic/demo/basics/CheckBoxGroupDemoModule.java
/home/u2/dev/git-bbmnt/bbmnt01/jWic/de.jwic.samples/src/de/jwic/mobile10/MobileDemoModule.java
/home/u2/dev/git-bbmnt/bbmnt01/jWic/de.jwic.samples/src/de/jwic/samples/controls/TabStripDemo.java
/home/u2/dev/git-bbmnt/bbmnt01/jWic/de.jwic.samples/src/de/jwic/mobile02/MobileDemoApplication.java
/home/u2/dev/git-bbmnt/bbmnt01/jWic/de.jwic.samples/src/de/jwic/samples/controls/JavaScriptDemoControl.java
/home/u2/dev/git-bbmnt/bbmnt01/jWic/de.jwic.samples/src/de/jwic/mobile05/demos/SelectMenuDemo05.java
/home/u2/dev/git-bbmnt/bbmnt01/jWic/de.jwic.samples/src/de/jwic/samples/filebrowser/FileBrowserDemo.java
/home/u2/dev/git-bbmnt/bbmnt01/jWic/de.jwic.samples/src/de/jwic/demo/DemoApplication.java
/home/u2/dev/git-bbmnt/bbmnt01/jWic/de.jwic.samples/src/de/jwic/samples/filebrowser/FileInfoControl.java
/home/u2/dev/git-bbmnt/bbmnt01/jWic/de.jwic.samples/src/de/jwic/demo/advanced/LazyTooltipDemoModule.java
/home/u2/dev/git-bbmnt/bbmnt01/jWic/de.jwic.samples/src/de/jwic/demo/chartdb/DataProvider.java
/home/u2/dev/git-bbmnt/bbmnt01/jWic/de.jwic.samples/src/de/jwic/demo/tbv/FileNodeContentProvider.java
/home/u2/dev/git-bbmnt/bbmnt01/jWic/de.jwic.samples/src/de/jwic/demo/basics/ListBoxDemoModule.java
/home/u2/dev/git-bbmnt/bbmnt01/jWic/de.jwic.samples/src/de/jwic/mobile11/demos/AudioSelection.java
/home/u2/dev/git-bbmnt/bbmnt01/jWic/de.jwic.samples/src/de/jwic/demo/model/ColorDemoContainer.java
/home/u2/dev/git-bbmnt/bbmnt01/jWic/de.jwic.samples/src/de/jwic/samples/controls/SingleCheckBoxDemo.java
/home/u2/dev/git-bbmnt/bbmnt01/jWic/de.jwic.samples/src/de/jwic/samples/controls/PartObjectContentProvider.java
/home/u2/dev/git-bbmnt/bbmnt01/jWic/de.jwic.samples/src/de/jwic/demo/basics/CheckBoxGroupDemo.java
/home/u2/dev/git-bbmnt/bbmnt01/jWic/de.jwic.samples/src/de/jwic/mobile10/demos/audio/PlayPause.java
/home/u2/dev/git-bbmnt/bbmnt01/jWic/de.jwic.samples/src/de/jwic/samples/filebrowser/FileTreeView.java
/home/u2/dev/git-bbmnt/bbmnt01/jWic/de.jwic.samples/src/de/jwic/mobile06/demos/EchoWindow.java
/home/u2/dev/git-bbmnt/bbmnt01/jWic/de.jwic.samples/src/de/jwic/mobile12/demos/audio/AC3.java
/home/u2/dev/git-bbmnt/bbmnt01/jWic/de.jwic.samples/src/de/jwic/mobile06/demos/IAction2.java
/home/u2/dev/git-bbmnt/bbmnt01/jWic/de.jwic.samples/src/de/jwic/samples/controls/ListBoxDemo.java
/home/u2/dev/git-bbmnt/bbmnt01/jWic/de.jwic.samples/src/de/jwic/demo/wizard/IPageEditorControlObserver.java
/home/u2/dev/git-bbmnt/bbmnt01/jWic/de.jwic.samples/src/de/jwic/mobile05/demos/FlipSwitchDemo.java
/home/u2/dev/git-bbmnt/bbmnt01/jWic/de.jwic.samples/src/de/jwic/demo/container/ScrollableContainerDemo.java
/home/u2/dev/git-bbmnt/bbmnt01/jWic/de.jwic.samples/src/de/jwic/demo/chart/LabelProvider.java
/home/u2/dev/git-bbmnt/bbmnt01/jWic/de.jwic.samples/src/de/jwic/mobile10/demos/audio/VideoController.java
/home/u2/dev/git-bbmnt/bbmnt01/jWic/de.jwic.samples/src/de/jwic/demo/framework/AsyncRenderContainerDemo.java
/home/u2/dev/git-bbmnt/bbmnt01/jWic/de.jwic.samples/src/de/jwic/demo/advanced/ErrorWariningDemoModule.java
/home/u2/dev/git-bbmnt/bbmnt01/jWic/de.jwic.samples/src/de/jwic/samples/filebrowser/viewer/ImagePreview.java
/home/u2/dev/git-bbmnt/bbmnt01/jWic/de.jwic.samples/src/de/jwic/mobile12/demos/audio/VideoController.java
/home/u2/dev/git-bbmnt/bbmnt01/jWic/de.jwic.samples/src/de/jwic/demo/chart/TableElement.java
/home/u2/dev/git-bbmnt/bbmnt01/jWic/de.jwic.samples/src/de/jwic/demo/basics/ToolBarDemo.java
/home/u2/dev/git-bbmnt/bbmnt01/jWic/de.jwic.samples/src/de/jwic/mobile04/demos/tbv/DemoTask.java
/home/u2/dev/git-bbmnt/bbmnt01/jWic/de.jwic.samples/src/de/jwic/demo/container/GroupControlDemoModule.java
/home/u2/dev/git-bbmnt/bbmnt01/jWic/de.jwic.samples/src/de/jwic/mobile03/demos/tbv/FixColumnTableRenderer.java
/home/u2/dev/git-bbmnt/bbmnt01/jWic/de.jwic.samples/src/de/jwic/demo/advanced/ComboDropDownDemo.java
/home/u2/dev/git-bbmnt/bbmnt01/jWic/de.jwic.samples/src/de/jwic/mobile05/demos/EchoWindow.java
/home/u2/dev/git-bbmnt/bbmnt01/jWic/de.jwic.samples/src/de/jwic/linder01/demos/tbv/DemoTask.java
/home/u2/dev/git-bbmnt/bbmnt01/jWic/de.jwic.samples/src/de/jwic/demo/tbv/FileTreeNode.java
/home/u2/dev/git-bbmnt/bbmnt01/jWic/de.jwic.samples/src/de/jwic/demo/advanced/CKEditorDemoModule.java
/home/u2/dev/git-bbmnt/bbmnt01/jWic/de.jwic.samples/src/de/jwic/demo/advanced/ComboLifeSearchDemo.java
/home/u2/dev/git-bbmnt/bbmnt01/jWic/de.jwic.samples/src/de/jwic/samples/filebrowser/ClosedListener.java
/home/u2/dev/git-bbmnt/bbmnt01/jWic/de.jwic.samples/src/de/jwic/demo/framework/AsyncRenderDemoModule.java
/home/u2/dev/git-bbmnt/bbmnt01/jWic/de.jwic.samples/src/de/jwic/demo/advanced/LazyTooltipDemo.java
/home/u2/dev/git-bbmnt/bbmnt01/jWic/de.jwic.samples/src/de/jwic/samples/controls/propeditor/LabelControlMapper.java
/home/u2/dev/git-bbmnt/bbmnt01/jWic/de.jwic.samples/src/de/jwic/mobile03/MobileDemoApplication.java
/home/u2/dev/git-bbmnt/bbmnt01/jWic/de.jwic.samples/src/de/jwic/demo/wizard/WizardDemo.java
/home/u2/dev/git-bbmnt/bbmnt01/jWic/de.jwic.samples/src/de/jwic/demo/wizard/SummaryPage.java
/home/u2/dev/git-bbmnt/bbmnt01/jWic/de.jwic.samples/src/de/jwic/mobile05/demos/IAction2.java
/home/u2/dev/git-bbmnt/bbmnt01/jWic/de.jwic.samples/src/de/jwic/demo/chartdb/TotalUserView.java
/home/u2/dev/git-bbmnt/bbmnt01/jWic/de.jwic.samples/src/de/jwic/demo/chart/ChartDemo.java
/home/u2/dev/git-bbmnt/bbmnt01/jWic/de.jwic.samples/src/de/jwic/mobile/MobileDemoPage.java
/home/u2/dev/git-bbmnt/bbmnt01/jWic/de.jwic.samples/src/de/jwic/linder01/demos/EchoLabel.java
/home/u2/dev/git-bbmnt/bbmnt01/jWic/de.jwic.samples/src/de/jwic/demo/chart/PolarChartDemo.java
/home/u2/dev/git-bbmnt/bbmnt01/jWic/de.jwic.samples/src/de/jwic/mobile05/demos/EchoWindowList.java
/home/u2/dev/git-bbmnt/bbmnt01/jWic/de.jwic.samples/src/de/jwic/demo/basics/ListBoxDemo.java
/home/u2/dev/git-bbmnt/bbmnt01/jWic/de.jwic.samples/src/de/jwic/mobile11/MobileDemoPage.java
/home/u2/dev/git-bbmnt/bbmnt01/jWic/de.jwic.samples/src/de/jwic/demo/wizard/WizardPageConfig.java
/home/u2/dev/git-bbmnt/bbmnt01/jWic/de.jwic.samples/src/de/jwic/samples/filebrowser/FileTreeNode.java
/home/u2/dev/git-bbmnt/bbmnt01/jWic/de.jwic.samples/src/de/jwic/ecolib/samples/controls/DatePickerDemo.java
/home/u2/dev/git-bbmnt/bbmnt01/jWic/de.jwic.samples/src/de/jwic/mobile03/demos/tbv/ITableModelListener.java
/home/u2/dev/git-bbmnt/bbmnt01/jWic/de.jwic.samples/src/de/jwic/demo/framework/SlowRenderingControl.java
/home/u2/dev/git-bbmnt/bbmnt01/jWic/de.jwic.samples/src/de/jwic/samples/filebrowser/DirectoryModel.java
/home/u2/dev/git-bbmnt/bbmnt01/jWic/de.jwic.samples/src/de/jwic/linder01/demos/IndexAction.java
/home/u2/dev/git-bbmnt/bbmnt01/jWic/de.jwic.samples/src/de/jwic/mobile03/demos/tbv/TableModelAdapter.java
/home/u2/dev/git-bbmnt/bbmnt01/jWic/de.jwic.samples/src/de/jwic/mobile/demos/CheckBoxDemo.java
/home/u2/dev/git-bbmnt/bbmnt01/jWic/de.jwic.samples/src/de/jwic/demo/wizard/PageConfigListControl.java
/home/u2/dev/git-bbmnt/bbmnt01/jWic/de.jwic.samples/src/de/jwic/samples/controls/Folder.java
/home/u2/dev/git-bbmnt/bbmnt01/jWic/de.jwic.samples/src/de/jwic/mobile05/demos/InputDemo.java
/home/u2/dev/git-bbmnt/bbmnt01/jWic/de.jwic.samples/src/de/jwic/demo/container/AccordionDemoModule.java
/home/u2/dev/git-bbmnt/bbmnt01/jWic/de.jwic.samples/src/de/jwic/mobile06/demos/EchoLabel.java
/home/u2/dev/git-bbmnt/bbmnt01/jWic/de.jwic.samples/src/de/jwic/demo/chartdb/DashboardPage.java
/home/u2/dev/git-bbmnt/bbmnt01/jWic/de.jwic.samples/src/de/jwic/mobile06/MobileDemoApplication.java
/home/u2/dev/git-bbmnt/bbmnt01/jWic/de.jwic.samples/src/de/jwic/samples/sample2/Sample2.java
/home/u2/dev/git-bbmnt/bbmnt01/jWic/de.jwic.samples/src/de/jwic/demo/model/ColorChanger.java
/home/u2/dev/git-bbmnt/bbmnt01/jWic/de.jwic.samples/src/de/jwic/demo/container/WindowDemoModule.java
/home/u2/dev/git-bbmnt/bbmnt01/jWic/de.jwic.samples/src/de/jwic/demo/tbv/TableViewerDemoModule.java
/home/u2/dev/git-bbmnt/bbmnt01/jWic/de.jwic.samples/src/de/jwic/mobile10/MobileDemoPage.java
/home/u2/dev/git-bbmnt/bbmnt01/jWic/de.jwic.samples/src/de/jwic/demo/wizard/PageConfigurationPage.java
/home/u2/dev/git-bbmnt/bbmnt01/jWic/de.jwic.samples/src/de/jwic/mobile05/demos/AudioButton.java
/home/u2/dev/git-bbmnt/bbmnt01/jWic/de.jwic.samples/src/de/jwic/mobile09/demos/EchoWindow.java
/home/u2/dev/git-bbmnt/bbmnt01/jWic/de.jwic.samples/src/de/jwic/demo/pojoedit/PojoEditorDemo.java
/home/u2/dev/git-bbmnt/bbmnt01/jWic/de.jwic.samples/src/de/jwic/demo/tbv/FileLabelProvider.java
/home/u2/dev/git-bbmnt/bbmnt01/jWic/de.jwic.samples/src/de/jwic/demo/container/GroupControlDemo.java
/home/u2/dev/git-bbmnt/bbmnt01/jWic/de.jwic.samples/src/de/jwic/mobile10/demos/VideoPage.java
/home/u2/dev/git-bbmnt/bbmnt01/jWic/de.jwic.samples/src/de/jwic/mobile05/demos/CheckBoxDemo.java
/home/u2/dev/git-bbmnt/bbmnt01/jWic/de.jwic.samples/src/de/jwic/mobile09/demos/IAction2.java
/home/u2/dev/git-bbmnt/bbmnt01/jWic/de.jwic.samples/src/de/jwic/samples/controls/WindowDemo.java
/home/u2/dev/git-bbmnt/bbmnt01/jWic/de.jwic.samples/src/de/jwic/demo/chart/AddTableElementDialog.java
/home/u2/dev/git-bbmnt/bbmnt01/jWic/de.jwic.samples/src/de/jwic/demo/chartdb/DashboardModel.java
/home/u2/dev/git-bbmnt/bbmnt01/jWic/de.jwic.samples/src/de/jwic/mobile11/demos/AudioButton.java
/home/u2/dev/git-bbmnt/bbmnt01/jWic/de.jwic.samples/src/de/jwic/demo/basics/ToolBarDemoModule.java
/home/u2/dev/git-bbmnt/bbmnt01/jWic/de.jwic.samples/src/de/jwic/demo/basics/DatePickerDemo.java
/home/u2/dev/git-bbmnt/bbmnt01/jWic/de.jwic.samples/src/de/jwic/mobile11/MobileDemoModule.java
/home/u2/dev/git-bbmnt/bbmnt01/jWic/de.jwic.samples/src/de/jwic/demo/container/AccordionDemo.java
/home/u2/dev/git-bbmnt/bbmnt01/jWic/de.jwic.samples/src/de/jwic/demo/basics/InputBoxDemoModule.java
/home/u2/dev/git-bbmnt/bbmnt01/jWic/de.jwic.samples/src/de/jwic/samples/controls/ButtonDemo.java
/home/u2/dev/git-bbmnt/bbmnt01/jWic/de.jwic.samples/src/de/jwic/mobile09/MobileDemoPage.java
/home/u2/dev/git-bbmnt/bbmnt01/jWic/de.jwic.samples/src/de/jwic/demo/chart/PolarChartDemoModule.java
/home/u2/dev/git-bbmnt/bbmnt01/jWic/de.jwic.samples/src/de/jwic/mobile06/demos/IndexAction.java
/home/u2/dev/git-bbmnt/bbmnt01/jWic/de.jwic.samples/src/de/jwic/mobile09/demos/SelectMenuDemo09.java
/home/u2/dev/git-bbmnt/bbmnt01/jWic/de.jwic.samples/src/de/jwic/demo/tbv/FileTreeDemo.java
/home/u2/dev/git-bbmnt/bbmnt01/jWic/de.jwic.samples/src/de/jwic/demo/pojoedit/MyPojoEditor.java
/home/u2/dev/git-bbmnt/bbmnt01/jWic/de.jwic.samples/src/de/jwic/demo/chart/OverlayChartDemo.java
/home/u2/dev/git-bbmnt/bbmnt01/jWic/de.jwic.samples/src/de/jwic/mobile09/demos/audio/Player.java
/home/u2/dev/git-bbmnt/bbmnt01/jWic/de.jwic.samples/src/de/jwic/samples/filebrowser/ClosedEvent.java
/home/u2/dev/git-bbmnt/bbmnt01/jWic/de.jwic.samples/src/de/jwic/mobile10/demos/InputDemo.java
/home/u2/dev/git-bbmnt/bbmnt01/jWic/de.jwic.samples/src/de/jwic/demo/chart/RadarChartDemo.java
/home/u2/dev/git-bbmnt/bbmnt01/jWic/de.jwic.samples/src/de/jwic/demo/wizard/PageEditorControl.java
/home/u2/dev/git-bbmnt/bbmnt01/jWic/de.jwic.samples/src/de/jwic/mobile/demos/TabsDemo.java
/home/u2/dev/git-bbmnt/bbmnt01/jWic/de.jwic.samples/src/de/jwic/mobile12/demos/MobileAudioRND.java
/home/u2/dev/git-bbmnt/bbmnt01/jWic/de.jwic.samples/src/de/jwic/mobile03/demos/tbv/TableViewer.java
/home/u2/dev/git-bbmnt/bbmnt01/jWic/de.jwic.samples/src/de/jwic/mobile/MobileDemoModule.java
/home/u2/dev/git-bbmnt/bbmnt01/jWic/de.jwic.samples/src/de/jwic/mobile03/demos/tbv/DefaultTableRenderer.java
/home/u2/dev/git-bbmnt/bbmnt01/jWic/de.jwic.samples/src/de/jwic/mobile05/MobileDemoApplication.java
/home/u2/dev/git-bbmnt/bbmnt01/jWic/de.jwic.samples/src/de/jwic/samples/controls/ButtonImageControl.java
/home/u2/dev/git-bbmnt/bbmnt01/jWic/de.jwic.samples/src/de/jwic/demo/basics/RadioGroupDemo.java
/home/u2/dev/git-bbmnt/bbmnt01/jWic/de.jwic.samples/src/de/jwic/samples/controls/GroupControlDemo.java
/home/u2/dev/git-bbmnt/bbmnt01/jWic/de.jwic.samples/src/de/jwic/samples/controls/propeditor/TextEditor.java
/home/u2/dev/git-bbmnt/bbmnt01/jWic/de.jwic.samples/src/de/jwic/mobile03/demos/InputDemo.java
/home/u2/dev/git-bbmnt/bbmnt01/jWic/de.jwic.samples/src/de/jwic/demo/container/TabStripDemoModule.java
/home/u2/dev/git-bbmnt/bbmnt01/jWic/de.jwic.samples/src/de/jwic/demo/advanced/ProcessInfoDemo.java
/home/u2/dev/git-bbmnt/bbmnt01/jWic/de.jwic.samples/src/de/jwic/demo/tbv/BasicTBVDemoModule.java
/home/u2/dev/git-bbmnt/bbmnt01/jWic/de.jwic.samples/src/de/jwic/mobile04/MobileDemoModule.java
/home/u2/dev/git-bbmnt/bbmnt01/jWic/de.jwic.samples/src/de/jwic/demo/chart/CircleChartDemoModule.java
/home/u2/dev/git-bbmnt/bbmnt01/jWic/de.jwic.samples/src/de/jwic/demo/advanced/ColumnSelectorResult.java
/home/u2/dev/git-bbmnt/bbmnt01/jWic/de.jwic.samples/src/de/jwic/demo/chart/StackedBarDemo.java
/home/u2/dev/git-bbmnt/bbmnt01/jWic/de.jwic.samples/src/de/jwic/mobile02/demos/TabsDemo.java
/home/u2/dev/git-bbmnt/bbmnt01/jWic/de.jwic.samples/src/de/jwic/samples/controls/propeditor/EnumListBoxControl.java
/home/u2/dev/git-bbmnt/bbmnt01/jWic/de.jwic.samples/src/de/jwic/demo/pojoedit/MyPojo.java
/home/u2/dev/git-bbmnt/bbmnt01/jWic/de.jwic.samples/src/de/jwic/samples/controls/ComboDemo.java
/home/u2/dev/git-bbmnt/bbmnt01/jWic/de.jwic.samples/src/de/jwic/mobile03/demos/tbv/ITableLabelProvider.java
/home/u2/dev/git-bbmnt/bbmnt01/jWic/de.jwic.samples/src/de/jwic/mobile06/demos/AudioSelection.java
/home/u2/dev/git-bbmnt/bbmnt01/jWic/de.jwic.samples/src/de/jwic/demo/DemoModule.java
/home/u2/dev/git-bbmnt/bbmnt01/jWic/de.jwic.samples/src/de/jwic/mobile06/MobileDemoPage.java
/home/u2/dev/git-bbmnt/bbmnt01/jWic/de.jwic.samples/src/de/jwic/demo/tbv/slickgrid/SlickGridDemoModule.java
/home/u2/dev/git-bbmnt/bbmnt01/jWic/de.jwic.samples/src/de/jwic/samples/sample4/TableLayoutDemo.java
/home/u2/dev/git-bbmnt/bbmnt01/jWic/de.jwic.samples/src/de/jwic/mobile04/MobileDemoApplication.java
/home/u2/dev/git-bbmnt/bbmnt01/jWic/de.jwic.samples/src/de/jwic/mobile/demos/DatePickerDemo.java
/home/u2/dev/git-bbmnt/bbmnt01/jWic/de.jwic.samples/src/de/jwic/mobile03/demos/tbv/StatusBarControl.java
/home/u2/dev/git-bbmnt/bbmnt01/jWic/de.jwic.samples/src/de/jwic/samples/controls/SysInfoDemo.java
/home/u2/dev/git-bbmnt/bbmnt01/jWic/de.jwic.samples/src/de/jwic/samples/controls/CheckboxGroupDemo.java
/home/u2/dev/git-bbmnt/bbmnt01/jWic/de.jwic.samples/src/de/jwic/samples/controls/TestRecorderActionController.java
/home/u2/dev/git-bbmnt/bbmnt01/jWic/de.jwic.samples/src/de/jwic/mobile03/demos/tbv/PagingControl.java
/home/u2/dev/git-bbmnt/bbmnt01/jWic/de.jwic.samples/src/de/jwic/mobile03/demos/CheckBoxDemo.java
/home/u2/dev/git-bbmnt/bbmnt01/jWic/de.jwic.samples/src/de/jwic/ecolib/samples/controls/ColumnSelectorDemo.java
/home/u2/dev/git-bbmnt/bbmnt01/jWic/de.jwic.samples/src/de/jwic/mobile11/demos/CheckBoxDemo.java
/home/u2/dev/git-bbmnt/bbmnt01/jWic/de.jwic.samples/src/de/jwic/demo/container/ScrollableContainerDemoModule.java
/home/u2/dev/git-bbmnt/bbmnt01/jWic/de.jwic.samples/src/de/jwic/mobile03/demos/tbv/MobileTableRenderer.java
/home/u2/dev/git-bbmnt/bbmnt01/jWic/de.jwic.samples/src/de/jwic/mobile02/demos/InputDemo.java
/home/u2/dev/git-bbmnt/bbmnt01/jWic/de.jwic.samples/src/de/jwic/demo/wizard/WizardDemoControl.java
/home/u2/dev/git-bbmnt/bbmnt01/jWic/de.jwic.samples/src/de/jwic/demo/advanced/ProcessInfoDemoModule.java
/home/u2/dev/git-bbmnt/bbmnt01/jWic/de.jwic.samples/src/de/jwic/demo/basics/ButtonDemo.java
/home/u2/dev/git-bbmnt/bbmnt01/jWic/de.jwic.samples/src/de/jwic/mobile05/demos/EchoLabel.java
/home/u2/dev/git-bbmnt/bbmnt01/jWic/de.jwic.samples/src/de/jwic/linder01/MobileDemoApplication.java
/home/u2/dev/git-bbmnt/bbmnt01/jWic/de.jwic.samples/src/de/jwic/linder01/demos/InputDemo.java
/home/u2/dev/git-bbmnt/bbmnt01/jWic/de.jwic.samples/src/de/jwic/mobile06/MobileDemoModule.java
/home/u2/dev/git-bbmnt/bbmnt01/jWic/de.jwic.samples/src/de/jwic/demo/model/ColorModel.java
/home/u2/dev/git-bbmnt/bbmnt01/jWic/de.jwic.samples/src/de/jwic/demo/chart/OverlayChartDemoModule.java
/home/u2/dev/git-bbmnt/bbmnt01/jWic/de.jwic.samples/src/de/jwic/mobile12/MobileDemoApplication.java
/home/u2/dev/git-bbmnt/bbmnt01/jWic/de.jwic.samples/src/de/jwic/mobile09/demos/AudioButton.java
/home/u2/dev/git-bbmnt/bbmnt01/jWic/de.jwic.samples/src/de/jwic/demo/chartdb/MonthUserTypeView.java
/home/u2/dev/git-bbmnt/bbmnt01/jWic/de.jwic.samples/src/de/jwic/samples/controls/FolderContentProvider.java
/home/u2/dev/git-bbmnt/bbmnt01/jWic/de.jwic.samples/src/de/jwic/samples/controls/CheckboxDemo.java
/home/u2/dev/git-bbmnt/bbmnt01/jWic/de.jwic.samples/src/de/jwic/samples/controls/ButtonImageDemo.java
/home/u2/dev/git-bbmnt/bbmnt01/jWic/de.jwic.samples/src/de/jwic/demo/container/WindowDemo.java
/home/u2/dev/git-bbmnt/bbmnt01/jWic/de.jwic.samples/src/de/jwic/demo/DemoPage.java
/home/u2/dev/git-bbmnt/bbmnt01/jWic/de.jwic.samples/src/de/jwic/demo/chart/StackedBarChartModule.java
/home/u2/dev/git-bbmnt/bbmnt01/jWic/de.jwic.samples/src/de/jwic/mobile10/demos/AudioSelection.java
/home/u2/dev/git-bbmnt/bbmnt01/jWic/de.jwic.samples/src/de/jwic/ecolib/samples/controls/ChartDemo.java
/home/u2/dev/git-bbmnt/bbmnt01/jWic/de.jwic.samples/src/de/jwic/demo/basics/FileUploadDemoModule.java
/home/u2/dev/git-bbmnt/bbmnt01/jWic/de.jwic.samples/src/de/jwic/samples/controls/propeditor/BooleanMapper.java
/home/u2/dev/git-bbmnt/bbmnt01/jWic/de.jwic.samples/src/de/jwic/demo/DemoHost.java
/home/u2/dev/git-bbmnt/bbmnt01/jWic/de.jwic.samples/src/de/jwic/samples/filebrowser/PathInfoControl.java
/home/u2/dev/git-bbmnt/bbmnt01/jWic/de.jwic.samples/src/de/jwic/mobile11/demos/SelectMenuDemo11.java
/home/u2/dev/git-bbmnt/bbmnt01/jWic/de.jwic.samples/src/de/jwic/mobile06/demos/InputDemo.java
/home/u2/dev/git-bbmnt/bbmnt01/jWic/de.jwic.samples/src/de/jwic/mobile03/demos/tbv/DemoTaskContentProvider.java
/home/u2/dev/git-bbmnt/bbmnt01/jWic/de.jwic.samples/src/de/jwic/mobile10/demos/AudioPage.java
/home/u2/dev/git-bbmnt/bbmnt01/jWic/de.jwic.samples/src/de/jwic/samples/sample3/TemperatureDemo.java
/home/u2/dev/git-bbmnt/bbmnt01/jWic/de.jwic.samples/src/de/jwic/samples/controls/SlowRenderingControl.java
/home/u2/dev/git-bbmnt/bbmnt01/jWic/de.jwic.samples/src/de/jwic/mobile02/demos/SelectBoxDemo.java
/home/u2/dev/git-bbmnt/bbmnt01/jWic/de.jwic.samples/src/de/jwic/mobile03/demos/FlipSwitchDemo.java
/home/u2/dev/git-bbmnt/bbmnt01/jWic/de.jwic.samples/src/de/jwic/demo/tbv/DemoTaskContentProvider.java
/home/u2/dev/git-bbmnt/bbmnt01/jWic/de.jwic.samples/src/de/jwic/demo/basics/CheckBoxDemoModule.java
/home/u2/dev/git-bbmnt/bbmnt01/jWic/de.jwic.samples/src/de/jwic/demo/basics/Calculator.java
/home/u2/dev/git-bbmnt/bbmnt01/jWic/de.jwic.samples/src/de/jwic/linder01/MobileDemoModule.java
/home/u2/dev/git-bbmnt/bbmnt01/jWic/de.jwic.samples/src/de/jwic/mobile02/MobileDemoModule.java
/home/u2/dev/git-bbmnt/bbmnt01/jWic/de.jwic.samples/src/de/jwic/demo/chart/util/DataModelCreator.java
/home/u2/dev/git-bbmnt/bbmnt01/jWic/de.jwic.samples/src/de/jwic/samples/controls/RadioGroupDemo.java
/home/u2/dev/git-bbmnt/bbmnt01/jWic/de.jwic.samples/src/de/jwic/mobile03/demos/tbv/TableColumn.java
/home/u2/dev/git-bbmnt/bbmnt01/jWic/de.jwic.samples/src/de/jwic/samples/controls/TreeDemo.java
/home/u2/dev/git-bbmnt/bbmnt01/jWic/de.jwic.samples/src/de/jwic/demo/chart/RadarChartDemoModule.java
/home/u2/dev/git-bbmnt/bbmnt01/jWic/de.jwic.samples/src/de/jwic/mobile12/demos/SelectMenuDemo12.java
/home/u2/dev/git-bbmnt/bbmnt01/jWic/de.jwic.samples/src/de/jwic/mobile04/MobileDemoPage.java
/home/u2/dev/git-bbmnt/bbmnt01/jWic/de.jwic.samples/src/de/jwic/mobile11/demos/audio/AudioController.java
/home/u2/dev/git-bbmnt/bbmnt01/jWic/de.jwic.samples/src/de/jwic/samples/filebrowser/FileBrowserControl.java
/home/u2/dev/git-bbmnt/bbmnt01/jWic/de.jwic.samples/src/de/jwic/mobile06/demos/tbv/DemoTask.java
/home/u2/dev/git-bbmnt/bbmnt01/jWic/de.jwic.samples/src/de/jwic/mobile02/demos/FlipSwitchDemo.java
/home/u2/dev/git-bbmnt/bbmnt01/jWic/de.jwic.samples/src/de/jwic/demo/advanced/ErrorWarningDemo.java
/home/u2/dev/git-bbmnt/bbmnt01/jWic/de.jwic.samples/src/de/jwic/samples/controls/propeditor/EnumMapper.java
/home/u2/dev/git-bbmnt/bbmnt01/jWic/de.jwic.samples/src/de/jwic/mobile11/demos/AudioDevPage.java
/home/u2/dev/git-bbmnt/bbmnt01/jWic/de.jwic.samples/src/de/jwic/demo/advanced/PartObject.java
/home/u2/dev/git-bbmnt/bbmnt01/jWic/de.jwic.samples/src/de/jwic/demo/advanced/ColumnSelectorDemo.java
/home/u2/dev/git-bbmnt/bbmnt01/jWic/de.jwic.samples/src/de/jwic/ecolib/samples/controls/BalloonDemo.java
/home/u2/dev/git-bbmnt/bbmnt01/jWic/de.jwic.samples/src/de/jwic/samples/controls/ProgressBarDemo.java
/home/u2/dev/git-bbmnt/bbmnt01/jWic/de.jwic.samples/src/de/jwic/mobile03/demos/tbv/RowContext.java
