/home/ubuntu1804/bbmnt02-git/bbmnt01/jWic/de.jwic.core/src_test/de/jwic/test/TestEnvironment.java
/home/ubuntu1804/bbmnt02-git/bbmnt01/jWic/de.jwic.core/src_test/de/jwic/test/ControlTestCase.java
/home/ubuntu1804/bbmnt02-git/bbmnt01/jWic/de.jwic.core/src_test/de/jwic/base/TestApplication.java
/home/ubuntu1804/bbmnt02-git/bbmnt01/jWic/de.jwic.core/src_test/de/jwic/test/TestJWicRuntimeProvider.java
/home/ubuntu1804/bbmnt02-git/bbmnt01/jWic/de.jwic.core/src_test/de/jwic/test/TestUIModel.java
/home/ubuntu1804/bbmnt02-git/bbmnt01/jWic/de.jwic.core/src_test/de/jwic/renderer/util/JWicToolsTest.java
/home/ubuntu1804/bbmnt02-git/bbmnt01/jWic/de.jwic.core/src_test/de/jwic/base/TestLifecycle.java
/home/ubuntu1804/bbmnt02-git/bbmnt01/jWic/de.jwic.core/src_test/de/jwic/test/MyTestEvent.java
/home/ubuntu1804/bbmnt02-git/bbmnt01/jWic/de.jwic.core/src_test/de/jwic/base/SessionStorageTest.java
/home/ubuntu1804/bbmnt02-git/bbmnt01/jWic/de.jwic.core/src_test/de/jwic/test/TestModel.java
/home/ubuntu1804/bbmnt02-git/bbmnt01/jWic/de.jwic.core/src_test/de/jwic/base/ConfigurationToolTest.java
/home/ubuntu1804/bbmnt02-git/bbmnt01/jWic/de.jwic.core/src_test/de/jwic/test/EventSupportTest.java
